Archive member included to satisfy reference by file (symbol)

/usr/lib/gcc/arm-none-eabi/12.2.0/../../../../arm-none-eabi/lib/thumb/v7e-m+dp/hard/libc_nano.a(libc_a-atexit.o)
                              /usr/lib/gcc/arm-none-eabi/12.2.0/../../../../arm-none-eabi/lib/thumb/v7e-m+dp/hard/crt0.o (atexit)
/usr/lib/gcc/arm-none-eabi/12.2.0/../../../../arm-none-eabi/lib/thumb/v7e-m+dp/hard/libc_nano.a(libc_a-exit.o)
                              /usr/lib/gcc/arm-none-eabi/12.2.0/../../../../arm-none-eabi/lib/thumb/v7e-m+dp/hard/crt0.o (exit)
/usr/lib/gcc/arm-none-eabi/12.2.0/../../../../arm-none-eabi/lib/thumb/v7e-m+dp/hard/libc_nano.a(libc_a-findfp.o)
                              /usr/lib/gcc/arm-none-eabi/12.2.0/../../../../arm-none-eabi/lib/thumb/v7e-m+dp/hard/libc_nano.a(libc_a-exit.o) (__stdio_exit_handler)
/usr/lib/gcc/arm-none-eabi/12.2.0/../../../../arm-none-eabi/lib/thumb/v7e-m+dp/hard/libc_nano.a(libc_a-fwalk.o)
                              /usr/lib/gcc/arm-none-eabi/12.2.0/../../../../arm-none-eabi/lib/thumb/v7e-m+dp/hard/libc_nano.a(libc_a-findfp.o) (_fwalk_sglue)
/usr/lib/gcc/arm-none-eabi/12.2.0/../../../../arm-none-eabi/lib/thumb/v7e-m+dp/hard/libc_nano.a(libc_a-stdio.o)
                              /usr/lib/gcc/arm-none-eabi/12.2.0/../../../../arm-none-eabi/lib/thumb/v7e-m+dp/hard/libc_nano.a(libc_a-findfp.o) (__sread)
/usr/lib/gcc/arm-none-eabi/12.2.0/../../../../arm-none-eabi/lib/thumb/v7e-m+dp/hard/libc_nano.a(libc_a-memset.o)
                              /usr/lib/gcc/arm-none-eabi/12.2.0/../../../../arm-none-eabi/lib/thumb/v7e-m+dp/hard/crt0.o (memset)
/usr/lib/gcc/arm-none-eabi/12.2.0/../../../../arm-none-eabi/lib/thumb/v7e-m+dp/hard/libc_nano.a(libc_a-closer.o)
                              /usr/lib/gcc/arm-none-eabi/12.2.0/../../../../arm-none-eabi/lib/thumb/v7e-m+dp/hard/libc_nano.a(libc_a-stdio.o) (_close_r)
/usr/lib/gcc/arm-none-eabi/12.2.0/../../../../arm-none-eabi/lib/thumb/v7e-m+dp/hard/libc_nano.a(libc_a-reent.o)
                              /usr/lib/gcc/arm-none-eabi/12.2.0/../../../../arm-none-eabi/lib/thumb/v7e-m+dp/hard/libc_nano.a(libc_a-closer.o) (errno)
/usr/lib/gcc/arm-none-eabi/12.2.0/../../../../arm-none-eabi/lib/thumb/v7e-m+dp/hard/libc_nano.a(libc_a-impure.o)
                              /usr/lib/gcc/arm-none-eabi/12.2.0/../../../../arm-none-eabi/lib/thumb/v7e-m+dp/hard/libc_nano.a(libc_a-reent.o) (_impure_ptr)
/usr/lib/gcc/arm-none-eabi/12.2.0/../../../../arm-none-eabi/lib/thumb/v7e-m+dp/hard/libc_nano.a(libc_a-lseekr.o)
                              /usr/lib/gcc/arm-none-eabi/12.2.0/../../../../arm-none-eabi/lib/thumb/v7e-m+dp/hard/libc_nano.a(libc_a-stdio.o) (_lseek_r)
/usr/lib/gcc/arm-none-eabi/12.2.0/../../../../arm-none-eabi/lib/thumb/v7e-m+dp/hard/libc_nano.a(libc_a-readr.o)
                              /usr/lib/gcc/arm-none-eabi/12.2.0/../../../../arm-none-eabi/lib/thumb/v7e-m+dp/hard/libc_nano.a(libc_a-stdio.o) (_read_r)
/usr/lib/gcc/arm-none-eabi/12.2.0/../../../../arm-none-eabi/lib/thumb/v7e-m+dp/hard/libc_nano.a(libc_a-writer.o)
                              /usr/lib/gcc/arm-none-eabi/12.2.0/../../../../arm-none-eabi/lib/thumb/v7e-m+dp/hard/libc_nano.a(libc_a-stdio.o) (_write_r)
/usr/lib/gcc/arm-none-eabi/12.2.0/../../../../arm-none-eabi/lib/thumb/v7e-m+dp/hard/libc_nano.a(libc_a-init.o)
                              /usr/lib/gcc/arm-none-eabi/12.2.0/../../../../arm-none-eabi/lib/thumb/v7e-m+dp/hard/crt0.o (__libc_init_array)
/usr/lib/gcc/arm-none-eabi/12.2.0/../../../../arm-none-eabi/lib/thumb/v7e-m+dp/hard/libc_nano.a(libc_a-fini.o)
                              /usr/lib/gcc/arm-none-eabi/12.2.0/../../../../arm-none-eabi/lib/thumb/v7e-m+dp/hard/crt0.o (__libc_fini_array)
/usr/lib/gcc/arm-none-eabi/12.2.0/../../../../arm-none-eabi/lib/thumb/v7e-m+dp/hard/libc_nano.a(libc_a-lock.o)
                              /usr/lib/gcc/arm-none-eabi/12.2.0/../../../../arm-none-eabi/lib/thumb/v7e-m+dp/hard/libc_nano.a(libc_a-findfp.o) (__retarget_lock_init_recursive)
/usr/lib/gcc/arm-none-eabi/12.2.0/../../../../arm-none-eabi/lib/thumb/v7e-m+dp/hard/libc_nano.a(libc_a-__atexit.o)
                              /usr/lib/gcc/arm-none-eabi/12.2.0/../../../../arm-none-eabi/lib/thumb/v7e-m+dp/hard/libc_nano.a(libc_a-atexit.o) (__register_exitproc)
/usr/lib/gcc/arm-none-eabi/12.2.0/../../../../arm-none-eabi/lib/thumb/v7e-m+dp/hard/libc_nano.a(libc_a-__call_atexit.o)
                              /usr/lib/gcc/arm-none-eabi/12.2.0/../../../../arm-none-eabi/lib/thumb/v7e-m+dp/hard/libc_nano.a(libc_a-__atexit.o) (__call_exitprocs)
/usr/lib/gcc/arm-none-eabi/12.2.0/../../../../arm-none-eabi/lib/thumb/v7e-m+dp/hard/libc_nano.a(libc_a-freer.o)
                              /usr/lib/gcc/arm-none-eabi/12.2.0/../../../../arm-none-eabi/lib/thumb/v7e-m+dp/hard/libc_nano.a(libc_a-reent.o) (_free_r)
/usr/lib/gcc/arm-none-eabi/12.2.0/../../../../arm-none-eabi/lib/thumb/v7e-m+dp/hard/libc_nano.a(libc_a-mallocr.o)
[...]
Memory Configuration

Name             Origin             Length             Attributes
DTCMRAM          0x0000000020000000 0x0000000000020000 xrw
RAM_D1           0x0000000024000000 0x0000000000080000 xrw
RAM_D2           0x0000000030000000 0x0000000000048000 xrw
RAM_D3           0x0000000038000000 0x0000000000010000 xrw
ITCMRAM          0x0000000000000000 0x0000000000010000 xrw
FLASH            0x0000000008000000 0x0000000000020000 xr
*default*        0x0000000000000000 0xffffffffffffffff

Linker script and memory map

LOAD /usr/lib/gcc/arm-none-eabi/12.2.0/thumb/v7e-m+dp/hard/crti.o
LOAD /usr/lib/gcc/arm-none-eabi/12.2.0/thumb/v7e-m+dp/hard/crtbegin.o
LOAD /usr/lib/gcc/arm-none-eabi/12.2.0/../../../../arm-none-eabi/lib/thumb/v7e-m+dp/hard/crt0.o
LOAD build/main.o
LOAD build/init.o
LOAD build/sdr_error.o
LOAD build/stm32h7xx_it.o
LOAD build/stm32h7xx_hal_msp.o
LOAD build/system_stm32h7xx.o
LOAD build/stm32h7xx_hal_cortex.o
LOAD build/stm32h7xx_hal_tim.o
LOAD build/stm32h7xx_hal_tim_ex.o
LOAD build/stm32h7xx_hal_rcc.o
LOAD build/stm32h7xx_hal_rcc_ex.o
LOAD build/stm32h7xx_hal_flash.o
LOAD build/stm32h7xx_hal_flash_ex.o
LOAD build/stm32h7xx_hal_gpio.o
LOAD build/stm32h7xx_hal_hsem.o
LOAD build/stm32h7xx_hal_dma.o
LOAD build/stm32h7xx_hal_dma_ex.o
LOAD build/stm32h7xx_hal_mdma.o
LOAD build/stm32h7xx_hal_pwr.o
LOAD build/stm32h7xx_hal_pwr_ex.o
LOAD build/stm32h7xx_hal.o
LOAD build/stm32h7xx_hal_i2c.o
LOAD build/stm32h7xx_hal_i2c_ex.o
LOAD build/stm32h7xx_hal_exti.o
LOAD build/stm32h7xx_hal_uart.o
LOAD build/stm32h7xx_hal_uart_ex.o
LOAD build/led.o
LOAD build/usb.o
LOAD build/wireless.o
LOAD build/startup_stm32h750xx.o
LOAD /usr/lib/gcc/arm-none-eabi/12.2.0/../../../../arm-none-eabi/lib/thumb/v7e-m+dp/hard/libc_nano.a
LOAD /usr/lib/gcc/arm-none-eabi/12.2.0/../../../../arm-none-eabi/lib/thumb/v7e-m+dp/hard/libm.a
LOAD /usr/lib/gcc/arm-none-eabi/12.2.0/../../../../arm-none-eabi/lib/thumb/v7e-m+dp/hard/libnosys.a
START GROUP
LOAD /usr/lib/gcc/arm-none-eabi/12.2.0/thumb/v7e-m+dp/hard/libgcc.a
LOAD /usr/lib/gcc/arm-none-eabi/12.2.0/../../../../arm-none-eabi/lib/thumb/v7e-m+dp/hard/libc_nano.a
END GROUP
START GROUP
LOAD /usr/lib/gcc/arm-none-eabi/12.2.0/thumb/v7e-m+dp/hard/libgcc.a
LOAD /usr/lib/gcc/arm-none-eabi/12.2.0/../../../../arm-none-eabi/lib/thumb/v7e-m+dp/hard/libc_nano.a
END GROUP
LOAD /usr/lib/gcc/arm-none-eabi/12.2.0/thumb/v7e-m+dp/hard/crtend.o
LOAD /usr/lib/gcc/arm-none-eabi/12.2.0/thumb/v7e-m+dp/hard/crtn.o
                0x0000000020020000                _estack = 0x20020000
                0x0000000000000200                _Min_Heap_Size = 0x200
                0x0000000000000400                _Min_Stack_Size = 0x400

.isr_vector     0x0000000008000000      0x298
                0x0000000008000000                . = ALIGN (0x4)
 *(.isr_vector)
 .isr_vector    0x0000000008000000      0x298 build/startup_stm32h750xx.o
                0x0000000008000000                g_pfnVectors
                0x0000000008000298                . = ALIGN (0x4)

.text           0x0000000008000298     0x2760
                0x0000000008000298                . = ALIGN (0x4)
 *(.text)
 .text          0x0000000008000298       0x30 /usr/lib/gcc/arm-none-eabi/12.2.0/thumb/v7e-m+dp/hard/libgcc.a(_aeabi_uldivmod.o)
                0x0000000008000298                __aeabi_uldivmod
 .text          0x00000000080002c8        0x4 /usr/lib/gcc/arm-none-eabi/12.2.0/thumb/v7e-m+dp/hard/libgcc.a(_dvmd_tls.o)
                0x00000000080002c8                __aeabi_ldiv0
                0x00000000080002c8                __aeabi_idiv0
 *(.text*)
 .text.__do_global_dtors_aux
                0x00000000080002cc       0x24 /usr/lib/gcc/arm-none-eabi/12.2.0/thumb/v7e-m+dp/hard/crtbegin.o
 .text.frame_dummy
                0x00000000080002f0       0x1c /usr/lib/gcc/arm-none-eabi/12.2.0/thumb/v7e-m+dp/hard/crtbegin.o
 .text.main     0x000000000800030c       0x58 build/main.o
                0x000000000800030c                main
 .text.SystemClock_Config
                0x0000000008000364       0xc8 build/init.o
                0x0000000008000364                SystemClock_Config
 .text.XBee_UART_Init
                0x000000000800042c       0x70 build/init.o
                0x000000000800042c                XBee_UART_Init
 .text.USB_UART_Init
                0x000000000800049c       0x70 build/init.o
                0x000000000800049c                USB_UART_Init
 .text.GPIO_Init
                0x000000000800050c       0x8c build/init.o
                0x000000000800050c                GPIO_Init
 .text.Error_Handler
                0x0000000008000598       0x10 build/sdr_error.o
                0x0000000008000598                Error_Handler
 .text.NMI_Handler
                0x00000000080005a8        0x2 build/stm32h7xx_it.o
                0x00000000080005a8                NMI_Handler
 .text.HardFault_Handler
                0x00000000080005aa        0x2 build/stm32h7xx_it.o
                0x00000000080005aa                HardFault_Handler
 .text.MemManage_Handler
                0x00000000080005ac        0x2 build/stm32h7xx_it.o
                0x00000000080005ac                MemManage_Handler
 .text.BusFault_Handler
                0x00000000080005ae        0x2 build/stm32h7xx_it.o
                0x00000000080005ae                BusFault_Handler
 .text.UsageFault_Handler
                0x00000000080005b0        0x2 build/stm32h7xx_it.o
                0x00000000080005b0                UsageFault_Handler
 .text.SVC_Handler
                0x00000000080005b2        0x2 build/stm32h7xx_it.o
                0x00000000080005b2                SVC_Handler
 .text.DebugMon_Handler
                0x00000000080005b4        0x2 build/stm32h7xx_it.o
                0x00000000080005b4                DebugMon_Handler
 .text.PendSV_Handler
                0x00000000080005b6        0x2 build/stm32h7xx_it.o
                0x00000000080005b6                PendSV_Handler
 .text.SysTick_Handler
                0x00000000080005b8        0x8 build/stm32h7xx_it.o
                0x00000000080005b8                SysTick_Handler
 .text.HAL_MspInit
                0x00000000080005c0       0x24 build/stm32h7xx_hal_msp.o
                0x00000000080005c0                HAL_MspInit
 .text.SystemInit
                0x00000000080005e4       0xcc build/system_stm32h7xx.o
                0x00000000080005e4                SystemInit
 .text.__NVIC_SetPriority
                0x00000000080006b0       0x24 build/stm32h7xx_hal_cortex.o
 .text.NVIC_EncodePriority
                0x00000000080006d4       0x3e build/stm32h7xx_hal_cortex.o
 *fill*         0x0000000008000712        0x2 
 .text.HAL_NVIC_SetPriorityGrouping
                0x0000000008000714       0x24 build/stm32h7xx_hal_cortex.o
                0x0000000008000714                HAL_NVIC_SetPriorityGrouping
 .text.HAL_NVIC_SetPriority
                0x0000000008000738       0x20 build/stm32h7xx_hal_cortex.o
                0x0000000008000738                HAL_NVIC_SetPriority
 .text.HAL_SYSTICK_Config
                0x0000000008000758       0x28 build/stm32h7xx_hal_cortex.o
                0x0000000008000758                HAL_SYSTICK_Config
 .text.HAL_RCC_OscConfig
                0x0000000008000780      0x674 build/stm32h7xx_hal_rcc.o
                0x0000000008000780                HAL_RCC_OscConfig
 .text.HAL_RCC_GetSysClockFreq
                0x0000000008000df4      0x1f4 build/stm32h7xx_hal_rcc.o
                0x0000000008000df4                HAL_RCC_GetSysClockFreq
 .text.HAL_RCC_ClockConfig
                0x0000000008000fe8      0x294 build/stm32h7xx_hal_rcc.o
                0x0000000008000fe8                HAL_RCC_ClockConfig
 .text.HAL_RCC_GetHCLKFreq
                0x000000000800127c       0x44 build/stm32h7xx_hal_rcc.o
                0x000000000800127c                HAL_RCC_GetHCLKFreq
 .text.HAL_RCC_GetPCLK1Freq
                0x00000000080012c0       0x24 build/stm32h7xx_hal_rcc.o
                0x00000000080012c0                HAL_RCC_GetPCLK1Freq
 .text.HAL_RCC_GetPCLK2Freq
                0x00000000080012e4       0x24 build/stm32h7xx_hal_rcc.o
                0x00000000080012e4                HAL_RCC_GetPCLK2Freq
 .text.HAL_RCCEx_GetD3PCLK1Freq
                0x0000000008001308       0x24 build/stm32h7xx_hal_rcc_ex.o
                0x0000000008001308                HAL_RCCEx_GetD3PCLK1Freq
 .text.HAL_RCCEx_GetPLL2ClockFreq
                0x000000000800132c      0x1fc build/stm32h7xx_hal_rcc_ex.o
                0x000000000800132c                HAL_RCCEx_GetPLL2ClockFreq
 .text.HAL_RCCEx_GetPLL3ClockFreq
                0x0000000008001528      0x1fc build/stm32h7xx_hal_rcc_ex.o
                0x0000000008001528                HAL_RCCEx_GetPLL3ClockFreq
 .text.HAL_GPIO_Init
                0x0000000008001724      0x220 build/stm32h7xx_hal_gpio.o
                0x0000000008001724                HAL_GPIO_Init
 .text.HAL_GPIO_WritePin
                0x0000000008001944        0xc build/stm32h7xx_hal_gpio.o
                0x0000000008001944                HAL_GPIO_WritePin
 .text.HAL_PWREx_ConfigSupply
                0x0000000008001950       0x54 build/stm32h7xx_hal_pwr_ex.o
                0x0000000008001950                HAL_PWREx_ConfigSupply
 .text.HAL_InitTick
                0x00000000080019a4       0x50 build/stm32h7xx_hal.o
                0x00000000080019a4                HAL_InitTick
 .text.HAL_Init
                0x00000000080019f4       0x5c build/stm32h7xx_hal.o
                0x00000000080019f4                HAL_Init
 .text.HAL_IncTick
                0x0000000008001a50       0x18 build/stm32h7xx_hal.o
                0x0000000008001a50                HAL_IncTick
 .text.HAL_GetTick
                0x0000000008001a68        0xc build/stm32h7xx_hal.o
                0x0000000008001a68                HAL_GetTick
 .text.HAL_GetREVID
                0x0000000008001a74        0xc build/stm32h7xx_hal.o
                0x0000000008001a74                HAL_GetREVID
 .text.HAL_UART_MspInit
                0x0000000008001a80        0x2 build/stm32h7xx_hal_uart.o
                0x0000000008001a80                HAL_UART_MspInit
 *fill*         0x0000000008001a82        0x2 
 .text.UART_SetConfig
                0x0000000008001a84      0x5f4 build/stm32h7xx_hal_uart.o
                0x0000000008001a84                UART_SetConfig
 .text.UART_AdvFeatureConfig
                0x0000000008002078       0xca build/stm32h7xx_hal_uart.o
                0x0000000008002078                UART_AdvFeatureConfig
 .text.UART_WaitOnFlagUntilTimeout
                0x0000000008002142       0xd8 build/stm32h7xx_hal_uart.o
                0x0000000008002142                UART_WaitOnFlagUntilTimeout
 .text.HAL_UART_Transmit
                0x000000000800221a       0xda build/stm32h7xx_hal_uart.o
                0x000000000800221a                HAL_UART_Transmit
 .text.HAL_UART_Receive
                0x00000000080022f4      0x128 build/stm32h7xx_hal_uart.o
                0x00000000080022f4                HAL_UART_Receive
 .text.UART_CheckIdleState
                0x000000000800241c       0x74 build/stm32h7xx_hal_uart.o
                0x000000000800241c                UART_CheckIdleState
 .text.HAL_UART_Init
                0x0000000008002490       0x66 build/stm32h7xx_hal_uart.o
                0x0000000008002490                HAL_UART_Init
 *fill*         0x00000000080024f6        0x2 
 .text.UARTEx_SetNbDataToProcess
                0x00000000080024f8       0x4c build/stm32h7xx_hal_uart_ex.o
 .text.HAL_UARTEx_DisableFifoMode
                0x0000000008002544       0x3e build/stm32h7xx_hal_uart_ex.o
                0x0000000008002544                HAL_UARTEx_DisableFifoMode
 .text.HAL_UARTEx_SetTxFifoThreshold
                0x0000000008002582       0x4a build/stm32h7xx_hal_uart_ex.o
                0x0000000008002582                HAL_UARTEx_SetTxFifoThreshold
 .text.HAL_UARTEx_SetRxFifoThreshold
                0x00000000080025cc       0x4a build/stm32h7xx_hal_uart_ex.o
                0x00000000080025cc                HAL_UARTEx_SetRxFifoThreshold
 *fill*         0x0000000008002616        0x2 
 .text.led_reset
                0x0000000008002618       0x14 build/led.o
                0x0000000008002618                led_reset
 .text.led_error_assert
                0x000000000800262c       0x18 build/led.o
                0x000000000800262c                led_error_assert
 .text.usb_transmit
                0x0000000008002644       0x14 build/usb.o
                0x0000000008002644                usb_transmit
 .text.rf_xbee_transmit_byte
                0x0000000008002658       0x24 build/wireless.o
                0x0000000008002658                rf_xbee_transmit_byte
 .text.rf_xbee_receive_byte
                0x000000000800267c       0x18 build/wireless.o
                0x000000000800267c                rf_xbee_receive_byte
 .text.Reset_Handler
                0x0000000008002694       0x50 build/startup_stm32h750xx.o
                0x0000000008002694                Reset_Handler
 .text.Default_Handler
                0x00000000080026e4        0x2 build/startup_stm32h750xx.o
                0x00000000080026e4                RTC_Alarm_IRQHandler
                0x00000000080026e4                HASH_RNG_IRQHandler
                0x00000000080026e4                EXTI2_IRQHandler
                0x00000000080026e4                TIM8_CC_IRQHandler
                0x00000000080026e4                HRTIM1_Master_IRQHandler
                0x00000000080026e4                UART8_IRQHandler
                0x00000000080026e4                SPI4_IRQHandler
                0x00000000080026e4                TIM1_CC_IRQHandler
                0x00000000080026e4                BDMA_Channel6_IRQHandler
                0x00000000080026e4                DMA2_Stream5_IRQHandler
                0x00000000080026e4                HRTIM1_FLT_IRQHandler
                0x00000000080026e4                JPEG_IRQHandler
                0x00000000080026e4                DMA1_Stream5_IRQHandler
                0x00000000080026e4                BDMA_Channel1_IRQHandler
                0x00000000080026e4                HRTIM1_TIMD_IRQHandler
                0x00000000080026e4                TAMP_STAMP_IRQHandler
                0x00000000080026e4                EXTI3_IRQHandler
                0x00000000080026e4                LPTIM4_IRQHandler
                0x00000000080026e4                TIM8_TRG_COM_TIM14_IRQHandler
                0x00000000080026e4                LPTIM2_IRQHandler
                0x00000000080026e4                DFSDM1_FLT1_IRQHandler
                0x00000000080026e4                DMAMUX2_OVR_IRQHandler
                0x00000000080026e4                TIM8_UP_TIM13_IRQHandler
                0x00000000080026e4                I2C3_ER_IRQHandler
                0x00000000080026e4                DFSDM1_FLT2_IRQHandler
                0x00000000080026e4                MDMA_IRQHandler
                0x00000000080026e4                LPTIM3_IRQHandler
                0x00000000080026e4                HSEM1_IRQHandler
                0x00000000080026e4                EXTI0_IRQHandler
                0x00000000080026e4                I2C2_EV_IRQHandler
                0x00000000080026e4                DMA1_Stream2_IRQHandler
                0x00000000080026e4                FPU_IRQHandler
                0x00000000080026e4                OTG_HS_WKUP_IRQHandler
                0x00000000080026e4                FDCAN1_IT1_IRQHandler
                0x00000000080026e4                LTDC_ER_IRQHandler
                0x00000000080026e4                DMA2_Stream2_IRQHandler
                0x00000000080026e4                HRTIM1_TIME_IRQHandler
                0x00000000080026e4                SPI1_IRQHandler
                0x00000000080026e4                TIM6_DAC_IRQHandler
                0x00000000080026e4                DCMI_IRQHandler
                0x00000000080026e4                HRTIM1_TIMC_IRQHandler
                0x00000000080026e4                DMA2_Stream3_IRQHandler
                0x00000000080026e4                SAI2_IRQHandler
                0x00000000080026e4                DFSDM1_FLT3_IRQHandler
                0x00000000080026e4                USART6_IRQHandler
                0x00000000080026e4                TIM17_IRQHandler
                0x00000000080026e4                USART3_IRQHandler
                0x00000000080026e4                BDMA_Channel7_IRQHandler
                0x00000000080026e4                CRYP_IRQHandler
                0x00000000080026e4                LPTIM5_IRQHandler
                0x00000000080026e4                UART5_IRQHandler
                0x00000000080026e4                ADC3_IRQHandler
                0x00000000080026e4                DMA2_Stream0_IRQHandler
                0x00000000080026e4                TIM4_IRQHandler
                0x00000000080026e4                BDMA_Channel2_IRQHandler
                0x00000000080026e4                QUADSPI_IRQHandler
                0x00000000080026e4                I2C1_EV_IRQHandler
                0x00000000080026e4                DMA1_Stream6_IRQHandler
                0x00000000080026e4                DMAMUX1_OVR_IRQHandler
                0x00000000080026e4                DMA1_Stream1_IRQHandler
                0x00000000080026e4                TIM16_IRQHandler
                0x00000000080026e4                UART4_IRQHandler
                0x00000000080026e4                BDMA_Channel5_IRQHandler
                0x00000000080026e4                TIM3_IRQHandler
                0x00000000080026e4                RCC_IRQHandler
                0x00000000080026e4                TIM8_BRK_TIM12_IRQHandler
                0x00000000080026e4                TIM1_TRG_COM_IRQHandler
                0x00000000080026e4                Default_Handler
                0x00000000080026e4                ECC_IRQHandler
                0x00000000080026e4                CEC_IRQHandler
                0x00000000080026e4                EXTI15_10_IRQHandler
                0x00000000080026e4                BDMA_Channel0_IRQHandler
                0x00000000080026e4                ADC_IRQHandler
                0x00000000080026e4                DMA1_Stream7_IRQHandler
                0x00000000080026e4                HRTIM1_TIMA_IRQHandler
                0x00000000080026e4                SPI5_IRQHandler
                0x00000000080026e4                TIM7_IRQHandler
                0x00000000080026e4                SDMMC1_IRQHandler
                0x00000000080026e4                TIM5_IRQHandler
                0x00000000080026e4                DMA2_Stream7_IRQHandler
                0x00000000080026e4                TIM15_IRQHandler
                0x00000000080026e4                PVD_AVD_IRQHandler
                0x00000000080026e4                I2C3_EV_IRQHandler
                0x00000000080026e4                EXTI9_5_IRQHandler
                0x00000000080026e4                RTC_WKUP_IRQHandler
                0x00000000080026e4                LTDC_IRQHandler
                0x00000000080026e4                SAI3_IRQHandler
                0x00000000080026e4                ETH_WKUP_IRQHandler
                0x00000000080026e4                SPDIF_RX_IRQHandler
                0x00000000080026e4                SPI2_IRQHandler
                0x00000000080026e4                OTG_HS_EP1_IN_IRQHandler
                0x00000000080026e4                DMA1_Stream0_IRQHandler
                0x00000000080026e4                CRS_IRQHandler
                0x00000000080026e4                EXTI4_IRQHandler
                0x00000000080026e4                HRTIM1_TIMB_IRQHandler
                0x00000000080026e4                FDCAN2_IT1_IRQHandler
                0x00000000080026e4                ETH_IRQHandler
                0x00000000080026e4                TIM1_UP_IRQHandler
                0x00000000080026e4                BDMA_Channel4_IRQHandler
                0x00000000080026e4                OTG_HS_EP1_OUT_IRQHandler
                0x00000000080026e4                WWDG_IRQHandler
                0x00000000080026e4                SPI6_IRQHandler
                0x00000000080026e4                MDIOS_IRQHandler
                0x00000000080026e4                I2C4_EV_IRQHandler
                0x00000000080026e4                FDCAN2_IT0_IRQHandler
                0x00000000080026e4                LPUART1_IRQHandler
                0x00000000080026e4                FDCAN1_IT0_IRQHandler
                0x00000000080026e4                TIM2_IRQHandler
                0x00000000080026e4                OTG_FS_WKUP_IRQHandler
                0x00000000080026e4                OTG_HS_IRQHandler
                0x00000000080026e4                DMA2D_IRQHandler
                0x00000000080026e4                TIM1_BRK_IRQHandler
                0x00000000080026e4                EXTI1_IRQHandler
                0x00000000080026e4                SDMMC2_IRQHandler
                0x00000000080026e4                OTG_FS_EP1_OUT_IRQHandler
                0x00000000080026e4                BDMA_Channel3_IRQHandler
                0x00000000080026e4                UART7_IRQHandler
                0x00000000080026e4                MDIOS_WKUP_IRQHandler
                0x00000000080026e4                USART2_IRQHandler
                0x00000000080026e4                DFSDM1_FLT0_IRQHandler
                0x00000000080026e4                SAI4_IRQHandler
                0x00000000080026e4                I2C2_ER_IRQHandler
                0x00000000080026e4                DMA2_Stream1_IRQHandler
                0x00000000080026e4                FLASH_IRQHandler
                0x00000000080026e4                DMA2_Stream4_IRQHandler
                0x00000000080026e4                USART1_IRQHandler
                0x00000000080026e4                OTG_FS_IRQHandler
                0x00000000080026e4                SPI3_IRQHandler
                0x00000000080026e4                WAKEUP_PIN_IRQHandler
                0x00000000080026e4                DMA1_Stream4_IRQHandler
                0x00000000080026e4                OTG_FS_EP1_IN_IRQHandler
                0x00000000080026e4                I2C1_ER_IRQHandler
                0x00000000080026e4                FMC_IRQHandler
                0x00000000080026e4                FDCAN_CAL_IRQHandler
                0x00000000080026e4                SWPMI1_IRQHandler
                0x00000000080026e4                COMP1_IRQHandler
                0x00000000080026e4                LPTIM1_IRQHandler
                0x00000000080026e4                I2C4_ER_IRQHandler
                0x00000000080026e4                DMA2_Stream6_IRQHandler
                0x00000000080026e4                SAI1_IRQHandler
                0x00000000080026e4                DMA1_Stream3_IRQHandler
 .text.memset   0x00000000080026e6       0x10 /usr/lib/gcc/arm-none-eabi/12.2.0/../../../../arm-none-eabi/lib/thumb/v7e-m+dp/hard/libc_nano.a(libc_a-memset.o)
                0x00000000080026e6                memset
 *fill*         0x00000000080026f6        0x2 
 .text.__libc_init_array
                0x00000000080026f8       0x48 /usr/lib/gcc/arm-none-eabi/12.2.0/../../../../arm-none-eabi/lib/thumb/v7e-m+dp/hard/libc_nano.a(libc_a-init.o)
                0x00000000080026f8                __libc_init_array
 .text.__udivmoddi4
                0x0000000008002740      0x2a0 /usr/lib/gcc/arm-none-eabi/12.2.0/thumb/v7e-m+dp/hard/libgcc.a(_udivmoddi4.o)
                0x0000000008002740                __udivmoddi4
 *(.glue_7)
 .glue_7        0x00000000080029e0        0x0 linker stubs
 *(.glue_7t)
 .glue_7t       0x00000000080029e0        0x0 linker stubs
 *(.eh_frame)
 .eh_frame      0x00000000080029e0        0x0 /usr/lib/gcc/arm-none-eabi/12.2.0/thumb/v7e-m+dp/hard/crtbegin.o
 *(.init)
 .init          0x00000000080029e0        0x4 /usr/lib/gcc/arm-none-eabi/12.2.0/thumb/v7e-m+dp/hard/crti.o
                0x00000000080029e0                _init
 .init          0x00000000080029e4        0x8 /usr/lib/gcc/arm-none-eabi/12.2.0/thumb/v7e-m+dp/hard/crtn.o
 *(.fini)
 .fini          0x00000000080029ec        0x4 /usr/lib/gcc/arm-none-eabi/12.2.0/thumb/v7e-m+dp/hard/crti.o
                0x00000000080029ec                _fini
 .fini          0x00000000080029f0        0x8 /usr/lib/gcc/arm-none-eabi/12.2.0/thumb/v7e-m+dp/hard/crtn.o
                0x00000000080029f8                . = ALIGN (0x4)
                0x00000000080029f8                _etext = .

.vfp11_veneer   0x00000000080029f8        0x0
 .vfp11_veneer  0x00000000080029f8        0x0 linker stubs

.v4_bx          0x00000000080029f8        0x0
 .v4_bx         0x00000000080029f8        0x0 linker stubs

.iplt           0x00000000080029f8        0x0
 .iplt          0x00000000080029f8        0x0 /usr/lib/gcc/arm-none-eabi/12.2.0/thumb/v7e-m+dp/hard/crtbegin.o

.rodata         0x00000000080029f8       0x38
                0x00000000080029f8                . = ALIGN (0x4)
 *(.rodata)
 *(.rodata*)
 .rodata.D1CorePrescTable
                0x00000000080029f8       0x10 build/system_stm32h7xx.o
                0x00000000080029f8                D1CorePrescTable
 .rodata.UARTPrescTable
                0x0000000008002a08       0x18 build/stm32h7xx_hal_uart.o
                0x0000000008002a08                UARTPrescTable
 .rodata.denominator.0
                0x0000000008002a20        0x8 build/stm32h7xx_hal_uart_ex.o
 .rodata.numerator.1
                0x0000000008002a28        0x8 build/stm32h7xx_hal_uart_ex.o
                0x0000000008002a30                . = ALIGN (0x4)

.ARM.extab
 *(.ARM.extab* .gnu.linkonce.armextab.*)

.ARM            0x0000000008002a30        0x8
                0x0000000008002a30                __exidx_start = .
 *(.ARM.exidx*)
 .ARM.exidx.text.__udivmoddi4
                0x0000000008002a30        0x8 /usr/lib/gcc/arm-none-eabi/12.2.0/thumb/v7e-m+dp/hard/libgcc.a(_udivmoddi4.o)
                0x0000000008002a38                __exidx_end = .

.rel.dyn        0x0000000008002a38        0x0
 .rel.iplt      0x0000000008002a38        0x0 /usr/lib/gcc/arm-none-eabi/12.2.0/thumb/v7e-m+dp/hard/crtbegin.o

.preinit_array  0x0000000008002a38        0x0
                0x0000000008002a38                PROVIDE (__preinit_array_start = .)
 *(.preinit_array*)
                0x0000000008002a38                PROVIDE (__preinit_array_end = .)

.init_array     0x0000000008002a38        0x4
                0x0000000008002a38                PROVIDE (__init_array_start = .)
 *(SORT_BY_NAME(.init_array.*))
 *(.init_array*)
 .init_array    0x0000000008002a38        0x4 /usr/lib/gcc/arm-none-eabi/12.2.0/thumb/v7e-m+dp/hard/crtbegin.o
                0x0000000008002a3c                PROVIDE (__init_array_end = .)

.fini_array     0x0000000008002a3c        0x4
                0x0000000008002a3c                PROVIDE (__fini_array_start = .)
 *(SORT_BY_NAME(.fini_array.*))
 *(.fini_array*)
 .fini_array    0x0000000008002a3c        0x4 /usr/lib/gcc/arm-none-eabi/12.2.0/thumb/v7e-m+dp/hard/crtbegin.o
                0x0000000008002a40                PROVIDE (__fini_array_end = .)
                0x0000000008002a40                _sidata = LOADADDR (.data)

.data           0x0000000020000000       0x10 load address 0x0000000008002a40
                0x0000000020000000                . = ALIGN (0x4)
                0x0000000020000000                _sdata = .
 *(.data)
 *(.data*)
 .data.SystemD2Clock
                0x0000000020000000        0x4 build/system_stm32h7xx.o
                0x0000000020000000                SystemD2Clock
 .data.SystemCoreClock
                0x0000000020000004        0x4 build/system_stm32h7xx.o
                0x0000000020000004                SystemCoreClock
 .data.uwTickFreq
                0x0000000020000008        0x1 build/stm32h7xx_hal.o
                0x0000000020000008                uwTickFreq
 *fill*         0x0000000020000009        0x3 
 .data.uwTickPrio
                0x000000002000000c        0x4 build/stm32h7xx_hal.o
                0x000000002000000c                uwTickPrio
                0x0000000020000010                . = ALIGN (0x4)
                0x0000000020000010                _edata = .

.igot.plt       0x0000000020000010        0x0 load address 0x0000000008002a50
 .igot.plt      0x0000000020000010        0x0 /usr/lib/gcc/arm-none-eabi/12.2.0/thumb/v7e-m+dp/hard/crtbegin.o
                0x0000000020000010                . = ALIGN (0x4)

.bss            0x0000000020000010      0x140 load address 0x0000000008002a50
                0x0000000020000010                _sbss = .
                0x0000000020000010                __bss_start__ = _sbss
 *(.bss)
 *(.bss*)
 .bss.completed.1
                0x0000000020000010        0x1 /usr/lib/gcc/arm-none-eabi/12.2.0/thumb/v7e-m+dp/hard/crtbegin.o
 *fill*         0x0000000020000011        0x3 
 .bss.object.0  0x0000000020000014       0x18 /usr/lib/gcc/arm-none-eabi/12.2.0/thumb/v7e-m+dp/hard/crtbegin.o
 .bss.huart1    0x000000002000002c       0x90 build/main.o
                0x000000002000002c                huart1
 .bss.huart4    0x00000000200000bc       0x90 build/main.o
                0x00000000200000bc                huart4
 .bss.uwTick    0x000000002000014c        0x4 build/stm32h7xx_hal.o
                0x000000002000014c                uwTick
 *(COMMON)
                0x0000000020000150                . = ALIGN (0x4)
                0x0000000020000150                _ebss = .
                0x0000000020000150                __bss_end__ = _ebss

._user_heap_stack
                0x0000000020000150      0x600 load address 0x0000000008002a50
                0x0000000020000150                . = ALIGN (0x8)
                0x0000000020000150                PROVIDE (end = .)
                [!provide]                        PROVIDE (_end = .)
                0x0000000020000350                . = (. + _Min_Heap_Size)
 *fill*         0x0000000020000150      0x200 
                0x0000000020000750                . = (. + _Min_Stack_Size)
 *fill*         0x0000000020000350      0x400 
                0x0000000020000750                . = ALIGN (0x8)

/DISCARD/
 libc.a(*)
 libm.a(*)
 libgcc.a(*)

.ARM.attributes
                0x0000000000000000       0x2e
 *(.ARM.attributes)
 .ARM.attributes
                0x0000000000000000       0x20 /usr/lib/gcc/arm-none-eabi/12.2.0/thumb/v7e-m+dp/hard/crti.o
 .ARM.attributes
                0x0000000000000020       0x32 /usr/lib/gcc/arm-none-eabi/12.2.0/thumb/v7e-m+dp/hard/crtbegin.o
 .ARM.attributes
                0x0000000000000052       0x32 build/main.o
 .ARM.attributes
                0x0000000000000084       0x32 build/init.o
 .ARM.attributes
                0x00000000000000b6       0x32 build/sdr_error.o
 .ARM.attributes
                0x00000000000000e8       0x32 build/stm32h7xx_it.o
 .ARM.attributes
                0x000000000000011a       0x32 build/stm32h7xx_hal_msp.o
 .ARM.attributes
                0x000000000000014c       0x32 build/system_stm32h7xx.o
 .ARM.attributes
                0x000000000000017e       0x32 build/stm32h7xx_hal_cortex.o
 .ARM.attributes
                0x00000000000001b0       0x32 build/stm32h7xx_hal_rcc.o
 .ARM.attributes
                0x00000000000001e2       0x32 build/stm32h7xx_hal_rcc_ex.o
 .ARM.attributes
                0x0000000000000214       0x32 build/stm32h7xx_hal_gpio.o
 .ARM.attributes
                0x0000000000000246       0x32 build/stm32h7xx_hal_pwr_ex.o
 .ARM.attributes
                0x0000000000000278       0x32 build/stm32h7xx_hal.o
 .ARM.attributes
                0x00000000000002aa       0x32 build/stm32h7xx_hal_uart.o
 .ARM.attributes
                0x00000000000002dc       0x32 build/stm32h7xx_hal_uart_ex.o
 .ARM.attributes
                0x000000000000030e       0x32 build/led.o
 .ARM.attributes
                0x0000000000000340       0x32 build/usb.o
 .ARM.attributes
                0x0000000000000372       0x32 build/wireless.o
 .ARM.attributes
                0x00000000000003a4       0x21 build/startup_stm32h750xx.o
 .ARM.attributes
                0x00000000000003c5       0x32 /usr/lib/gcc/arm-none-eabi/12.2.0/../../../../arm-none-eabi/lib/thumb/v7e-m+dp/hard/libc_nano.a(libc_a-memset.o)
 .ARM.attributes
                0x00000000000003f7       0x32 /usr/lib/gcc/arm-none-eabi/12.2.0/../../../../arm-none-eabi/lib/thumb/v7e-m+dp/hard/libc_nano.a(libc_a-init.o)
 .ARM.attributes
                0x0000000000000429       0x20 /usr/lib/gcc/arm-none-eabi/12.2.0/thumb/v7e-m+dp/hard/libgcc.a(_aeabi_uldivmod.o)
 .ARM.attributes
                0x0000000000000449       0x32 /usr/lib/gcc/arm-none-eabi/12.2.0/thumb/v7e-m+dp/hard/libgcc.a(_udivmoddi4.o)
 .ARM.attributes
                0x000000000000047b       0x20 /usr/lib/gcc/arm-none-eabi/12.2.0/thumb/v7e-m+dp/hard/libgcc.a(_dvmd_tls.o)
 .ARM.attributes
                0x000000000000049b       0x20 /usr/lib/gcc/arm-none-eabi/12.2.0/thumb/v7e-m+dp/hard/crtn.o
OUTPUT(build/ping.elf elf32-littlearm)
LOAD linker stubs
LOAD /usr/lib/gcc/arm-none-eabi/12.2.0/../../../../arm-none-eabi/lib/thumb/v7e-m+dp/hard/libc.a
LOAD /usr/lib/gcc/arm-none-eabi/12.2.0/../../../../arm-none-eabi/lib/thumb/v7e-m+dp/hard/libm.a
LOAD /usr/lib/gcc/arm-none-eabi/12.2.0/thumb/v7e-m+dp/hard/libgcc.a

.debug_info     0x0000000000000000    0x15aff
 .debug_info    0x0000000000000000      0xbae build/main.o
 .debug_info    0x0000000000000bae     0x185f build/init.o
 .debug_info    0x000000000000240d      0x20f build/sdr_error.o
 .debug_info    0x000000000000261c      0x16d build/stm32h7xx_it.o
 .debug_info    0x0000000000002789      0x543 build/stm32h7xx_hal_msp.o
 .debug_info    0x0000000000002ccc      0xeb5 build/system_stm32h7xx.o
 .debug_info    0x0000000000003b81     0x14ed build/stm32h7xx_hal_cortex.o
 .debug_info    0x000000000000506e     0x13ef build/stm32h7xx_hal_rcc.o
 .debug_info    0x000000000000645d     0x1c06 build/stm32h7xx_hal_rcc_ex.o
 .debug_info    0x0000000000008063      0xee1 build/stm32h7xx_hal_gpio.o
 .debug_info    0x0000000000008f44     0x13f1 build/stm32h7xx_hal_pwr_ex.o
 .debug_info    0x000000000000a335     0x1910 build/stm32h7xx_hal.o
 .debug_info    0x000000000000bc45     0x6865 build/stm32h7xx_hal_uart.o
 .debug_info    0x00000000000124aa     0x13a9 build/stm32h7xx_hal_uart_ex.o
 .debug_info    0x0000000000013853      0x444 build/led.o
 .debug_info    0x0000000000013c97      0xa18 build/usb.o
 .debug_info    0x00000000000146af      0xadb build/wireless.o
 .debug_info    0x000000000001518a       0x30 build/startup_stm32h750xx.o
 .debug_info    0x00000000000151ba       0xe0 /usr/lib/gcc/arm-none-eabi/12.2.0/../../../../arm-none-eabi/lib/thumb/v7e-m+dp/hard/libc_nano.a(libc_a-memset.o)
 .debug_info    0x000000000001529a      0x10b /usr/lib/gcc/arm-none-eabi/12.2.0/../../../../arm-none-eabi/lib/thumb/v7e-m+dp/hard/libc_nano.a(libc_a-init.o)
 .debug_info    0x00000000000153a5       0x24 /usr/lib/gcc/arm-none-eabi/12.2.0/thumb/v7e-m+dp/hard/libgcc.a(_aeabi_uldivmod.o)
 .debug_info    0x00000000000153c9      0x6fd /usr/lib/gcc/arm-none-eabi/12.2.0/thumb/v7e-m+dp/hard/libgcc.a(_udivmoddi4.o)
 .debug_info    0x0000000000015ac6       0x39 /usr/lib/gcc/arm-none-eabi/12.2.0/thumb/v7e-m+dp/hard/libgcc.a(_dvmd_tls.o)

.debug_abbrev   0x0000000000000000     0x26e6
 .debug_abbrev  0x0000000000000000      0x1f1 build/main.o
 .debug_abbrev  0x00000000000001f1      0x221 build/init.o
 .debug_abbrev  0x0000000000000412       0xd5 build/sdr_error.o
 .debug_abbrev  0x00000000000004e7       0x80 build/stm32h7xx_it.o
 .debug_abbrev  0x0000000000000567       0xc8 build/stm32h7xx_hal_msp.o
 .debug_abbrev  0x000000000000062f      0x12a build/system_stm32h7xx.o
 .debug_abbrev  0x0000000000000759      0x3e6 build/stm32h7xx_hal_cortex.o
 .debug_abbrev  0x0000000000000b3f      0x29b build/stm32h7xx_hal_rcc.o
 .debug_abbrev  0x0000000000000dda      0x285 build/stm32h7xx_hal_rcc_ex.o
 .debug_abbrev  0x000000000000105f      0x253 build/stm32h7xx_hal_gpio.o
 .debug_abbrev  0x00000000000012b2      0x2ca build/stm32h7xx_hal_pwr_ex.o
 .debug_abbrev  0x000000000000157c      0x2b1 build/stm32h7xx_hal.o
 .debug_abbrev  0x000000000000182d      0x391 build/stm32h7xx_hal_uart.o
 .debug_abbrev  0x0000000000001bbe      0x348 build/stm32h7xx_hal_uart_ex.o
 .debug_abbrev  0x0000000000001f06      0x163 build/led.o
 .debug_abbrev  0x0000000000002069      0x1ae build/usb.o
 .debug_abbrev  0x0000000000002217      0x1ae build/wireless.o
 .debug_abbrev  0x00000000000023c5       0x1d build/startup_stm32h750xx.o
 .debug_abbrev  0x00000000000023e2       0x9e /usr/lib/gcc/arm-none-eabi/12.2.0/../../../../arm-none-eabi/lib/thumb/v7e-m+dp/hard/libc_nano.a(libc_a-memset.o)
 .debug_abbrev  0x0000000000002480       0xc9 /usr/lib/gcc/arm-none-eabi/12.2.0/../../../../arm-none-eabi/lib/thumb/v7e-m+dp/hard/libc_nano.a(libc_a-init.o)
 .debug_abbrev  0x0000000000002549       0x14 /usr/lib/gcc/arm-none-eabi/12.2.0/thumb/v7e-m+dp/hard/libgcc.a(_aeabi_uldivmod.o)
 .debug_abbrev  0x000000000000255d      0x16a /usr/lib/gcc/arm-none-eabi/12.2.0/thumb/v7e-m+dp/hard/libgcc.a(_udivmoddi4.o)
 .debug_abbrev  0x00000000000026c7       0x1f /usr/lib/gcc/arm-none-eabi/12.2.0/thumb/v7e-m+dp/hard/libgcc.a(_dvmd_tls.o)

.debug_loc      0x0000000000000000     0xb962
 .debug_loc     0x0000000000000000       0x63 build/main.o
 .debug_loc     0x0000000000000063       0xbe build/init.o
 .debug_loc     0x0000000000000121       0x4f build/sdr_error.o
 .debug_loc     0x0000000000000170       0x20 build/stm32h7xx_it.o
 .debug_loc     0x0000000000000190       0x2c build/stm32h7xx_hal_msp.o
 .debug_loc     0x00000000000001bc      0x1f2 build/system_stm32h7xx.o
 .debug_loc     0x00000000000003ae      0x7b9 build/stm32h7xx_hal_cortex.o
 .debug_loc     0x0000000000000b67      0xab5 build/stm32h7xx_hal_rcc.o
 .debug_loc     0x000000000000161c     0x1c6e build/stm32h7xx_hal_rcc_ex.o
 .debug_loc     0x000000000000328a      0x482 build/stm32h7xx_hal_gpio.o
 .debug_loc     0x000000000000370c      0x65b build/stm32h7xx_hal_pwr_ex.o
 .debug_loc     0x0000000000003d67      0x533 build/stm32h7xx_hal.o
 .debug_loc     0x000000000000429a     0x6410 build/stm32h7xx_hal_uart.o
 .debug_loc     0x000000000000a6aa      0xdf9 build/stm32h7xx_hal_uart_ex.o
 .debug_loc     0x000000000000b4a3       0xa5 build/led.o
 .debug_loc     0x000000000000b548      0x189 build/usb.o
 .debug_loc     0x000000000000b6d1      0x291 build/wireless.o

.debug_aranges  0x0000000000000000      0xb18
 .debug_aranges
                0x0000000000000000       0x20 build/main.o
 .debug_aranges
                0x0000000000000020       0x38 build/init.o
 .debug_aranges
                0x0000000000000058       0x20 build/sdr_error.o
 .debug_aranges
                0x0000000000000078       0x60 build/stm32h7xx_it.o
 .debug_aranges
                0x00000000000000d8       0x20 build/stm32h7xx_hal_msp.o
 .debug_aranges
                0x00000000000000f8       0x28 build/system_stm32h7xx.o
 .debug_aranges
                0x0000000000000120       0xe8 build/stm32h7xx_hal_cortex.o
 .debug_aranges
                0x0000000000000208       0x88 build/stm32h7xx_hal_rcc.o
 .debug_aranges
                0x0000000000000290       0xf8 build/stm32h7xx_hal_rcc_ex.o
 .debug_aranges
                0x0000000000000388       0x58 build/stm32h7xx_hal_gpio.o
 .debug_aranges
                0x00000000000003e0      0x158 build/stm32h7xx_hal_pwr_ex.o
 .debug_aranges
                0x0000000000000538      0x198 build/stm32h7xx_hal.o
 .debug_aranges
                0x00000000000006d0      0x248 build/stm32h7xx_hal_uart.o
 .debug_aranges
                0x0000000000000918       0xa0 build/stm32h7xx_hal_uart_ex.o
 .debug_aranges
                0x00000000000009b8       0x38 build/led.o
 .debug_aranges
                0x00000000000009f0       0x28 build/usb.o
 .debug_aranges
                0x0000000000000a18       0x38 build/wireless.o
 .debug_aranges
                0x0000000000000a50       0x28 build/startup_stm32h750xx.o
 .debug_aranges
                0x0000000000000a78       0x20 /usr/lib/gcc/arm-none-eabi/12.2.0/../../../../arm-none-eabi/lib/thumb/v7e-m+dp/hard/libc_nano.a(libc_a-memset.o)
 .debug_aranges
                0x0000000000000a98       0x20 /usr/lib/gcc/arm-none-eabi/12.2.0/../../../../arm-none-eabi/lib/thumb/v7e-m+dp/hard/libc_nano.a(libc_a-init.o)
 .debug_aranges
                0x0000000000000ab8       0x20 /usr/lib/gcc/arm-none-eabi/12.2.0/thumb/v7e-m+dp/hard/libgcc.a(_aeabi_uldivmod.o)
 .debug_aranges
                0x0000000000000ad8       0x20 /usr/lib/gcc/arm-none-eabi/12.2.0/thumb/v7e-m+dp/hard/libgcc.a(_udivmoddi4.o)
 .debug_aranges
                0x0000000000000af8       0x20 /usr/lib/gcc/arm-none-eabi/12.2.0/thumb/v7e-m+dp/hard/libgcc.a(_dvmd_tls.o)

.debug_ranges   0x0000000000000000      0xa30
 .debug_ranges  0x0000000000000000       0x10 build/main.o
 .debug_ranges  0x0000000000000010       0x28 build/init.o
 .debug_ranges  0x0000000000000038       0x10 build/sdr_error.o
 .debug_ranges  0x0000000000000048       0x50 build/stm32h7xx_it.o
 .debug_ranges  0x0000000000000098       0x10 build/stm32h7xx_hal_msp.o
 .debug_ranges  0x00000000000000a8       0x18 build/system_stm32h7xx.o
 .debug_ranges  0x00000000000000c0       0xd8 build/stm32h7xx_hal_cortex.o
 .debug_ranges  0x0000000000000198       0xe8 build/stm32h7xx_hal_rcc.o
 .debug_ranges  0x0000000000000280       0xe8 build/stm32h7xx_hal_rcc_ex.o
 .debug_ranges  0x0000000000000368       0x48 build/stm32h7xx_hal_gpio.o
 .debug_ranges  0x00000000000003b0      0x1a8 build/stm32h7xx_hal_pwr_ex.o
 .debug_ranges  0x0000000000000558      0x188 build/stm32h7xx_hal.o
 .debug_ranges  0x00000000000006e0      0x238 build/stm32h7xx_hal_uart.o
 .debug_ranges  0x0000000000000918       0x90 build/stm32h7xx_hal_uart_ex.o
 .debug_ranges  0x00000000000009a8       0x28 build/led.o
 .debug_ranges  0x00000000000009d0       0x18 build/usb.o
 .debug_ranges  0x00000000000009e8       0x28 build/wireless.o
 .debug_ranges  0x0000000000000a10       0x20 build/startup_stm32h750xx.o

.debug_line     0x0000000000000000     0xe091
 .debug_line    0x0000000000000000      0x299 build/main.o
 .debug_line    0x0000000000000299      0x4c0 build/init.o
 .debug_line    0x0000000000000759       0xd4 build/sdr_error.o
 .debug_line    0x000000000000082d      0x194 build/stm32h7xx_it.o
 .debug_line    0x00000000000009c1      0x111 build/stm32h7xx_hal_msp.o
 .debug_line    0x0000000000000ad2      0x3eb build/system_stm32h7xx.o
 .debug_line    0x0000000000000ebd      0x80b build/stm32h7xx_hal_cortex.o
 .debug_line    0x00000000000016c8     0x11a6 build/stm32h7xx_hal_rcc.o
 .debug_line    0x000000000000286e     0x1d2f build/stm32h7xx_hal_rcc_ex.o
 .debug_line    0x000000000000459d      0x696 build/stm32h7xx_hal_gpio.o
 .debug_line    0x0000000000004c33      0xa4f build/stm32h7xx_hal_pwr_ex.o
 .debug_line    0x0000000000005682      0x89a build/stm32h7xx_hal.o
 .debug_line    0x0000000000005f1c     0x65b2 build/stm32h7xx_hal_uart.o
 .debug_line    0x000000000000c4ce      0xcb3 build/stm32h7xx_hal_uart_ex.o
 .debug_line    0x000000000000d181      0x1bc build/led.o
 .debug_line    0x000000000000d33d      0x212 build/usb.o
 .debug_line    0x000000000000d54f      0x27b build/wireless.o
 .debug_line    0x000000000000d7ca       0x76 build/startup_stm32h750xx.o
 .debug_line    0x000000000000d840      0x123 /usr/lib/gcc/arm-none-eabi/12.2.0/../../../../arm-none-eabi/lib/thumb/v7e-m+dp/hard/libc_nano.a(libc_a-memset.o)
 .debug_line    0x000000000000d963      0x135 /usr/lib/gcc/arm-none-eabi/12.2.0/../../../../arm-none-eabi/lib/thumb/v7e-m+dp/hard/libc_nano.a(libc_a-init.o)
 .debug_line    0x000000000000da98       0x4e /usr/lib/gcc/arm-none-eabi/12.2.0/thumb/v7e-m+dp/hard/libgcc.a(_aeabi_uldivmod.o)
 .debug_line    0x000000000000dae6      0x561 /usr/lib/gcc/arm-none-eabi/12.2.0/thumb/v7e-m+dp/hard/libgcc.a(_udivmoddi4.o)
 .debug_line    0x000000000000e047       0x4a /usr/lib/gcc/arm-none-eabi/12.2.0/thumb/v7e-m+dp/hard/libgcc.a(_dvmd_tls.o)

.debug_str      0x0000000000000000     0x5098
 .debug_str     0x0000000000000000      0xbc6 build/main.o
                                        0xca7 (size before relaxing)
 .debug_str     0x0000000000000bc6      0x5b5 build/init.o
                                       0x11b1 (size before relaxing)
 .debug_str     0x000000000000117b       0x48 build/sdr_error.o
                                        0x627 (size before relaxing)
 .debug_str     0x00000000000011c3       0xc4 build/stm32h7xx_it.o
                                        0x243 (size before relaxing)
 .debug_str     0x0000000000001287       0x39 build/stm32h7xx_hal_msp.o
                                        0x3f6 (size before relaxing)
 .debug_str     0x00000000000012c0      0x351 build/system_stm32h7xx.o
                                        0x733 (size before relaxing)
 .debug_str     0x0000000000001611      0xcd4 build/stm32h7xx_hal_cortex.o
                                       0x1058 (size before relaxing)
 .debug_str     0x00000000000022e5      0x1ef build/stm32h7xx_hal_rcc.o
                                        0xa1b (size before relaxing)
 .debug_str     0x00000000000024d4      0x9b9 build/stm32h7xx_hal_rcc_ex.o
                                        0xefd (size before relaxing)
 .debug_str     0x0000000000002e8d      0x106 build/stm32h7xx_hal_gpio.o
                                        0x6d5 (size before relaxing)
 .debug_str     0x0000000000002f93      0x55e build/stm32h7xx_hal_pwr_ex.o
                                        0xa4a (size before relaxing)
 .debug_str     0x00000000000034f1      0x5db build/stm32h7xx_hal.o
                                       0x14ca (size before relaxing)
 .debug_str     0x0000000000003acc      0x986 build/stm32h7xx_hal_uart.o
                                       0x148c (size before relaxing)
 .debug_str     0x0000000000004452      0x239 build/stm32h7xx_hal_uart_ex.o
                                        0xb66 (size before relaxing)
 .debug_str     0x000000000000468b       0x93 build/led.o
                                        0x2c9 (size before relaxing)
 .debug_str     0x000000000000471e       0x5d build/usb.o
                                        0x810 (size before relaxing)
 .debug_str     0x000000000000477b       0x8a build/wireless.o
                                        0x861 (size before relaxing)
 .debug_str     0x0000000000004805       0x30 build/startup_stm32h750xx.o
                                         0x7b (size before relaxing)
 .debug_str     0x0000000000004835      0x11f /usr/lib/gcc/arm-none-eabi/12.2.0/../../../../arm-none-eabi/lib/thumb/v7e-m+dp/hard/libc_nano.a(libc_a-memset.o)
                                        0x1c2 (size before relaxing)
 .debug_str     0x0000000000004954       0xa6 /usr/lib/gcc/arm-none-eabi/12.2.0/../../../../arm-none-eabi/lib/thumb/v7e-m+dp/hard/libc_nano.a(libc_a-init.o)
                                        0x223 (size before relaxing)
 .debug_str     0x00000000000049fa       0x92 /usr/lib/gcc/arm-none-eabi/12.2.0/thumb/v7e-m+dp/hard/libgcc.a(_aeabi_uldivmod.o)
                                         0x9e (size before relaxing)
 .debug_str     0x0000000000004a8c      0x5aa /usr/lib/gcc/arm-none-eabi/12.2.0/thumb/v7e-m+dp/hard/libgcc.a(_udivmoddi4.o)
                                        0x6aa (size before relaxing)
 .debug_str     0x0000000000005036       0x62 /usr/lib/gcc/arm-none-eabi/12.2.0/thumb/v7e-m+dp/hard/libgcc.a(_dvmd_tls.o)
                                         0xbe (size before relaxing)

.comment        0x0000000000000000       0x1e
 .comment       0x0000000000000000       0x1e build/main.o
                                         0x1f (size before relaxing)
 .comment       0x000000000000001e       0x1f build/init.o
 .comment       0x000000000000001e       0x1f build/sdr_error.o
 .comment       0x000000000000001e       0x1f build/stm32h7xx_it.o
 .comment       0x000000000000001e       0x1f build/stm32h7xx_hal_msp.o
 .comment       0x000000000000001e       0x1f build/system_stm32h7xx.o
 .comment       0x000000000000001e       0x1f build/stm32h7xx_hal_cortex.o
 .comment       0x000000000000001e       0x1f build/stm32h7xx_hal_rcc.o
 .comment       0x000000000000001e       0x1f build/stm32h7xx_hal_rcc_ex.o
 .comment       0x000000000000001e       0x1f build/stm32h7xx_hal_gpio.o
 .comment       0x000000000000001e       0x1f build/stm32h7xx_hal_pwr_ex.o
 .comment       0x000000000000001e       0x1f build/stm32h7xx_hal.o
 .comment       0x000000000000001e       0x1f build/stm32h7xx_hal_uart.o
 .comment       0x000000000000001e       0x1f build/stm32h7xx_hal_uart_ex.o
 .comment       0x000000000000001e       0x1f build/led.o
 .comment       0x000000000000001e       0x1f build/usb.o
 .comment       0x000000000000001e       0x1f build/wireless.o
 .comment       0x000000000000001e       0x1f /usr/lib/gcc/arm-none-eabi/12.2.0/../../../../arm-none-eabi/lib/thumb/v7e-m+dp/hard/libc_nano.a(libc_a-memset.o)
 .comment       0x000000000000001e       0x1f /usr/lib/gcc/arm-none-eabi/12.2.0/../../../../arm-none-eabi/lib/thumb/v7e-m+dp/hard/libc_nano.a(libc_a-init.o)
 .comment       0x000000000000001e       0x1f /usr/lib/gcc/arm-none-eabi/12.2.0/thumb/v7e-m+dp/hard/libgcc.a(_udivmoddi4.o)

.debug_frame    0x0000000000000000     0x1928
 .debug_frame   0x0000000000000000       0x28 build/main.o
 .debug_frame   0x0000000000000028       0x80 build/init.o
 .debug_frame   0x00000000000000a8       0x28 build/sdr_error.o
 .debug_frame   0x00000000000000d0       0xa8 build/stm32h7xx_it.o
 .debug_frame   0x0000000000000178       0x28 build/stm32h7xx_hal_msp.o
 .debug_frame   0x00000000000001a0       0x3c build/system_stm32h7xx.o
 .debug_frame   0x00000000000001dc      0x1f4 build/stm32h7xx_hal_cortex.o
 .debug_frame   0x00000000000003d0      0x18c build/stm32h7xx_hal_rcc.o
 .debug_frame   0x000000000000055c      0x284 build/stm32h7xx_hal_rcc_ex.o
 .debug_frame   0x00000000000007e0       0xd4 build/stm32h7xx_hal_gpio.o
 .debug_frame   0x00000000000008b4      0x2f4 build/stm32h7xx_hal_pwr_ex.o
 .debug_frame   0x0000000000000ba8      0x360 build/stm32h7xx_hal.o
 .debug_frame   0x0000000000000f08      0x688 build/stm32h7xx_hal_uart.o
 .debug_frame   0x0000000000001590      0x1c8 build/stm32h7xx_hal_uart_ex.o
 .debug_frame   0x0000000000001758       0x70 build/led.o
 .debug_frame   0x00000000000017c8       0x40 build/usb.o
 .debug_frame   0x0000000000001808       0x74 build/wireless.o
 .debug_frame   0x000000000000187c       0x20 /usr/lib/gcc/arm-none-eabi/12.2.0/../../../../arm-none-eabi/lib/thumb/v7e-m+dp/hard/libc_nano.a(libc_a-memset.o)
 .debug_frame   0x000000000000189c       0x2c /usr/lib/gcc/arm-none-eabi/12.2.0/../../../../arm-none-eabi/lib/thumb/v7e-m+dp/hard/libc_nano.a(libc_a-init.o)
 .debug_frame   0x00000000000018c8       0x2c /usr/lib/gcc/arm-none-eabi/12.2.0/thumb/v7e-m+dp/hard/libgcc.a(_aeabi_uldivmod.o)
 .debug_frame   0x00000000000018f4       0x34 /usr/lib/gcc/arm-none-eabi/12.2.0/thumb/v7e-m+dp/hard/libgcc.a(_udivmoddi4.o)

.debug_loclists
                0x0000000000000000      0x7f3
 .debug_loclists
                0x0000000000000000       0x47 /usr/lib/gcc/arm-none-eabi/12.2.0/../../../../arm-none-eabi/lib/thumb/v7e-m+dp/hard/libc_nano.a(libc_a-memset.o)
 .debug_loclists
                0x0000000000000047       0x44 /usr/lib/gcc/arm-none-eabi/12.2.0/../../../../arm-none-eabi/lib/thumb/v7e-m+dp/hard/libc_nano.a(libc_a-init.o)
 .debug_loclists
                0x000000000000008b      0x768 /usr/lib/gcc/arm-none-eabi/12.2.0/thumb/v7e-m+dp/hard/libgcc.a(_udivmoddi4.o)

.debug_rnglists
                0x0000000000000000       0x93
 .debug_rnglists
                0x0000000000000000       0x13 /usr/lib/gcc/arm-none-eabi/12.2.0/../../../../arm-none-eabi/lib/thumb/v7e-m+dp/hard/libc_nano.a(libc_a-memset.o)
 .debug_rnglists
                0x0000000000000013       0x13 /usr/lib/gcc/arm-none-eabi/12.2.0/../../../../arm-none-eabi/lib/thumb/v7e-m+dp/hard/libc_nano.a(libc_a-init.o)
 .debug_rnglists
                0x0000000000000026       0x6d /usr/lib/gcc/arm-none-eabi/12.2.0/thumb/v7e-m+dp/hard/libgcc.a(_udivmoddi4.o)

.debug_line_str
                0x0000000000000000       0x9e
 .debug_line_str
                0x0000000000000000       0x92 /usr/lib/gcc/arm-none-eabi/12.2.0/thumb/v7e-m+dp/hard/libgcc.a(_aeabi_uldivmod.o)
 .debug_line_str
                0x0000000000000092        0xc /usr/lib/gcc/arm-none-eabi/12.2.0/thumb/v7e-m+dp/hard/libgcc.a(_dvmd_tls.o)
                                         0x96 (size before relaxing)

Cross Reference Table

Symbol                                            File
ADC3_IRQHandler                                   build/startup_stm32h750xx.o
ADC_IRQHandler                                    build/startup_stm32h750xx.o
BDMA_Channel0_IRQHandler                          build/startup_stm32h750xx.o
BDMA_Channel1_IRQHandler                          build/startup_stm32h750xx.o
BDMA_Channel2_IRQHandler                          build/startup_stm32h750xx.o
BDMA_Channel3_IRQHandler                          build/startup_stm32h750xx.o
BDMA_Channel4_IRQHandler                          build/startup_stm32h750xx.o
BDMA_Channel5_IRQHandler                          build/startup_stm32h750xx.o
BDMA_Channel6_IRQHandler                          build/startup_stm32h750xx.o
BDMA_Channel7_IRQHandler                          build/startup_stm32h750xx.o
BusFault_Handler                                  build/stm32h7xx_it.o
CEC_IRQHandler                                    build/startup_stm32h750xx.o
COMP1_IRQHandler                                  build/startup_stm32h750xx.o
CRS_IRQHandler                                    build/startup_stm32h750xx.o
CRYP_IRQHandler                                   build/startup_stm32h750xx.o
D1CorePrescTable                                  build/system_stm32h7xx.o
                                                  build/stm32h7xx_hal.o
                                                  build/stm32h7xx_hal_rcc_ex.o
                                                  build/stm32h7xx_hal_rcc.o
DCMI_IRQHandler                                   build/startup_stm32h750xx.o
DFSDM1_FLT0_IRQHandler                            build/startup_stm32h750xx.o
DFSDM1_FLT1_IRQHandler                            build/startup_stm32h750xx.o
DFSDM1_FLT2_IRQHandler                            build/startup_stm32h750xx.o
DFSDM1_FLT3_IRQHandler                            build/startup_stm32h750xx.o
DMA1_Stream0_IRQHandler                           build/startup_stm32h750xx.o
DMA1_Stream1_IRQHandler                           build/startup_stm32h750xx.o
DMA1_Stream2_IRQHandler                           build/startup_stm32h750xx.o
DMA1_Stream3_IRQHandler                           build/startup_stm32h750xx.o
DMA1_Stream4_IRQHandler                           build/startup_stm32h750xx.o
DMA1_Stream5_IRQHandler                           build/startup_stm32h750xx.o
DMA1_Stream6_IRQHandler                           build/startup_stm32h750xx.o
DMA1_Stream7_IRQHandler                           build/startup_stm32h750xx.o
DMA2D_IRQHandler                                  build/startup_stm32h750xx.o
DMA2_Stream0_IRQHandler                           build/startup_stm32h750xx.o
DMA2_Stream1_IRQHandler                           build/startup_stm32h750xx.o
DMA2_Stream2_IRQHandler                           build/startup_stm32h750xx.o
DMA2_Stream3_IRQHandler                           build/startup_stm32h750xx.o
DMA2_Stream4_IRQHandler                           build/startup_stm32h750xx.o
DMA2_Stream5_IRQHandler                           build/startup_stm32h750xx.o
DMA2_Stream6_IRQHandler                           build/startup_stm32h750xx.o
DMA2_Stream7_IRQHandler                           build/startup_stm32h750xx.o
DMAMUX1_OVR_IRQHandler                            build/startup_stm32h750xx.o
DMAMUX2_OVR_IRQHandler                            build/startup_stm32h750xx.o
DebugMon_Handler                                  build/stm32h7xx_it.o
Default_Handler                                   build/startup_stm32h750xx.o
ECC_IRQHandler                                    build/startup_stm32h750xx.o
ETH_IRQHandler                                    build/startup_stm32h750xx.o
ETH_WKUP_IRQHandler                               build/startup_stm32h750xx.o
EXTI0_IRQHandler                                  build/startup_stm32h750xx.o
EXTI15_10_IRQHandler                              build/startup_stm32h750xx.o
EXTI1_IRQHandler                                  build/startup_stm32h750xx.o
EXTI2_IRQHandler                                  build/startup_stm32h750xx.o
EXTI3_IRQHandler                                  build/startup_stm32h750xx.o
EXTI4_IRQHandler                                  build/startup_stm32h750xx.o
EXTI9_5_IRQHandler                                build/startup_stm32h750xx.o
Error_Handler                                     build/sdr_error.o
                                                  build/init.o
                                                  build/main.o
FDCAN1_IT0_IRQHandler                             build/startup_stm32h750xx.o
FDCAN1_IT1_IRQHandler                             build/startup_stm32h750xx.o
FDCAN2_IT0_IRQHandler                             build/startup_stm32h750xx.o
FDCAN2_IT1_IRQHandler                             build/startup_stm32h750xx.o
FDCAN_CAL_IRQHandler                              build/startup_stm32h750xx.o
FLASH_CRC_WaitForLastOperation                    build/stm32h7xx_hal_flash.o
                                                  build/stm32h7xx_hal_flash_ex.o
FLASH_Erase_Sector                                build/stm32h7xx_hal_flash_ex.o
                                                  build/stm32h7xx_hal_flash.o
FLASH_IRQHandler                                  build/startup_stm32h750xx.o
FLASH_OB_WaitForLastOperation                     build/stm32h7xx_hal_flash.o
                                                  build/stm32h7xx_hal_flash_ex.o
FLASH_WaitForLastOperation                        build/stm32h7xx_hal_flash.o
                                                  build/stm32h7xx_hal_flash_ex.o
FMC_IRQHandler                                    build/startup_stm32h750xx.o
FPU_IRQHandler                                    build/startup_stm32h750xx.o
GPIO_Init                                         build/init.o
                                                  build/main.o
HAL_DBGMCU_DisableDBGSleepMode                    build/stm32h7xx_hal.o
HAL_DBGMCU_DisableDBGStandbyMode                  build/stm32h7xx_hal.o
HAL_DBGMCU_DisableDBGStopMode                     build/stm32h7xx_hal.o
HAL_DBGMCU_EnableDBGSleepMode                     build/stm32h7xx_hal.o
HAL_DBGMCU_EnableDBGStandbyMode                   build/stm32h7xx_hal.o
HAL_DBGMCU_EnableDBGStopMode                      build/stm32h7xx_hal.o
HAL_DMAEx_ChangeMemory                            build/stm32h7xx_hal_dma_ex.o
HAL_DMAEx_ConfigMuxRequestGenerator               build/stm32h7xx_hal_dma_ex.o
HAL_DMAEx_ConfigMuxSync                           build/stm32h7xx_hal_dma_ex.o
HAL_DMAEx_DisableMuxRequestGenerator              build/stm32h7xx_hal_dma_ex.o
HAL_DMAEx_EnableMuxRequestGenerator               build/stm32h7xx_hal_dma_ex.o
HAL_DMAEx_MUX_IRQHandler                          build/stm32h7xx_hal_dma_ex.o
HAL_DMAEx_MultiBufferStart                        build/stm32h7xx_hal_dma_ex.o
HAL_DMAEx_MultiBufferStart_IT                     build/stm32h7xx_hal_dma_ex.o
HAL_DMA_Abort                                     build/stm32h7xx_hal_dma.o
                                                  build/stm32h7xx_hal_uart.o
HAL_DMA_Abort_IT                                  build/stm32h7xx_hal_dma.o
                                                  build/stm32h7xx_hal_uart.o
                                                  build/stm32h7xx_hal_i2c.o
HAL_DMA_DeInit                                    build/stm32h7xx_hal_dma.o
HAL_DMA_GetError                                  build/stm32h7xx_hal_dma.o
                                                  build/stm32h7xx_hal_uart.o
                                                  build/stm32h7xx_hal_i2c.o
HAL_DMA_GetState                                  build/stm32h7xx_hal_dma.o
                                                  build/stm32h7xx_hal_i2c.o
HAL_DMA_IRQHandler                                build/stm32h7xx_hal_dma.o
HAL_DMA_Init                                      build/stm32h7xx_hal_dma.o
HAL_DMA_PollForTransfer                           build/stm32h7xx_hal_dma.o
HAL_DMA_RegisterCallback                          build/stm32h7xx_hal_dma.o
HAL_DMA_Start                                     build/stm32h7xx_hal_dma.o
HAL_DMA_Start_IT                                  build/stm32h7xx_hal_dma.o
                                                  build/stm32h7xx_hal_uart.o
                                                  build/stm32h7xx_hal_i2c.o
HAL_DMA_UnRegisterCallback                        build/stm32h7xx_hal_dma.o
HAL_DeInit                                        build/stm32h7xx_hal.o
HAL_Delay                                         build/stm32h7xx_hal.o
                                                  build/led.o
HAL_DisableCompensationCell                       build/stm32h7xx_hal.o
HAL_EXTI_ClearConfigLine                          build/stm32h7xx_hal_exti.o
HAL_EXTI_ClearPending                             build/stm32h7xx_hal_exti.o
HAL_EXTI_D1_ClearFlag                             build/stm32h7xx_hal.o
HAL_EXTI_D1_EventInputConfig                      build/stm32h7xx_hal.o
HAL_EXTI_D3_EventInputConfig                      build/stm32h7xx_hal.o
HAL_EXTI_EdgeConfig                               build/stm32h7xx_hal.o
HAL_EXTI_GenerateSWI                              build/stm32h7xx_hal_exti.o
HAL_EXTI_GenerateSWInterrupt                      build/stm32h7xx_hal.o
HAL_EXTI_GetConfigLine                            build/stm32h7xx_hal_exti.o
HAL_EXTI_GetHandle                                build/stm32h7xx_hal_exti.o
HAL_EXTI_GetPending                               build/stm32h7xx_hal_exti.o
HAL_EXTI_IRQHandler                               build/stm32h7xx_hal_exti.o
HAL_EXTI_RegisterCallback                         build/stm32h7xx_hal_exti.o
HAL_EXTI_SetConfigLine                            build/stm32h7xx_hal_exti.o
HAL_EnableCompensationCell                        build/stm32h7xx_hal.o
HAL_FLASHEx_ComputeCRC                            build/stm32h7xx_hal_flash_ex.o
HAL_FLASHEx_Erase                                 build/stm32h7xx_hal_flash_ex.o
HAL_FLASHEx_Erase_IT                              build/stm32h7xx_hal_flash_ex.o
HAL_FLASHEx_Lock_Bank1                            build/stm32h7xx_hal_flash_ex.o
HAL_FLASHEx_OBGetConfig                           build/stm32h7xx_hal_flash_ex.o
HAL_FLASHEx_OBProgram                             build/stm32h7xx_hal_flash_ex.o
HAL_FLASHEx_Unlock_Bank1                          build/stm32h7xx_hal_flash_ex.o
HAL_FLASH_EndOfOperationCallback                  build/stm32h7xx_hal_flash.o
HAL_FLASH_GetError                                build/stm32h7xx_hal_flash.o
HAL_FLASH_IRQHandler                              build/stm32h7xx_hal_flash.o
HAL_FLASH_Lock                                    build/stm32h7xx_hal_flash.o
HAL_FLASH_OB_Launch                               build/stm32h7xx_hal_flash.o
HAL_FLASH_OB_Lock                                 build/stm32h7xx_hal_flash.o
HAL_FLASH_OB_Unlock                               build/stm32h7xx_hal_flash.o
HAL_FLASH_OperationErrorCallback                  build/stm32h7xx_hal_flash.o
HAL_FLASH_Program                                 build/stm32h7xx_hal_flash.o
HAL_FLASH_Program_IT                              build/stm32h7xx_hal_flash.o
HAL_FLASH_Unlock                                  build/stm32h7xx_hal_flash.o
HAL_GPIO_DeInit                                   build/stm32h7xx_hal_gpio.o
HAL_GPIO_EXTI_Callback                            build/stm32h7xx_hal_gpio.o
HAL_GPIO_EXTI_IRQHandler                          build/stm32h7xx_hal_gpio.o
HAL_GPIO_Init                                     build/stm32h7xx_hal_gpio.o
                                                  build/stm32h7xx_hal_rcc.o
                                                  build/init.o
HAL_GPIO_LockPin                                  build/stm32h7xx_hal_gpio.o
HAL_GPIO_ReadPin                                  build/stm32h7xx_hal_gpio.o
HAL_GPIO_TogglePin                                build/stm32h7xx_hal_gpio.o
HAL_GPIO_WritePin                                 build/stm32h7xx_hal_gpio.o
                                                  build/led.o
                                                  build/init.o
HAL_GetCurrentCPUID                               build/stm32h7xx_hal_cortex.o
HAL_GetDEVID                                      build/stm32h7xx_hal.o
HAL_GetFMCMemorySwappingConfig                    build/stm32h7xx_hal.o
HAL_GetHalVersion                                 build/stm32h7xx_hal.o
HAL_GetREVID                                      build/stm32h7xx_hal.o
                                                  build/stm32h7xx_hal_rcc_ex.o
                                                  build/stm32h7xx_hal_rcc.o
HAL_GetTick                                       build/stm32h7xx_hal.o
                                                  build/stm32h7xx_hal_uart_ex.o
                                                  build/stm32h7xx_hal_uart.o
                                                  build/stm32h7xx_hal_i2c.o
                                                  build/stm32h7xx_hal_pwr_ex.o
                                                  build/stm32h7xx_hal_mdma.o
                                                  build/stm32h7xx_hal_dma.o
                                                  build/stm32h7xx_hal_flash.o
                                                  build/stm32h7xx_hal_rcc_ex.o
                                                  build/stm32h7xx_hal_rcc.o
HAL_GetTickFreq                                   build/stm32h7xx_hal.o
HAL_GetTickPrio                                   build/stm32h7xx_hal.o
HAL_GetUIDw0                                      build/stm32h7xx_hal.o
HAL_GetUIDw1                                      build/stm32h7xx_hal.o
HAL_GetUIDw2                                      build/stm32h7xx_hal.o
HAL_HSEM_ActivateNotification                     build/stm32h7xx_hal_hsem.o
HAL_HSEM_DeactivateNotification                   build/stm32h7xx_hal_hsem.o
HAL_HSEM_FastTake                                 build/stm32h7xx_hal_hsem.o
HAL_HSEM_FreeCallback                             build/stm32h7xx_hal_hsem.o
HAL_HSEM_GetClearKey                              build/stm32h7xx_hal_hsem.o
HAL_HSEM_IRQHandler                               build/stm32h7xx_hal_hsem.o
HAL_HSEM_IsSemTaken                               build/stm32h7xx_hal_hsem.o
HAL_HSEM_Release                                  build/stm32h7xx_hal_hsem.o
HAL_HSEM_ReleaseAll                               build/stm32h7xx_hal_hsem.o
HAL_HSEM_SetClearKey                              build/stm32h7xx_hal_hsem.o
HAL_HSEM_Take                                     build/stm32h7xx_hal_hsem.o
HAL_HalfDuplex_EnableReceiver                     build/stm32h7xx_hal_uart.o
HAL_HalfDuplex_EnableTransmitter                  build/stm32h7xx_hal_uart.o
HAL_HalfDuplex_Init                               build/stm32h7xx_hal_uart.o
HAL_I2CEx_ConfigAnalogFilter                      build/stm32h7xx_hal_i2c_ex.o
HAL_I2CEx_ConfigDigitalFilter                     build/stm32h7xx_hal_i2c_ex.o
HAL_I2CEx_DisableFastModePlus                     build/stm32h7xx_hal_i2c_ex.o
HAL_I2CEx_DisableWakeUp                           build/stm32h7xx_hal_i2c_ex.o
HAL_I2CEx_EnableFastModePlus                      build/stm32h7xx_hal_i2c_ex.o
HAL_I2CEx_EnableWakeUp                            build/stm32h7xx_hal_i2c_ex.o
HAL_I2C_AbortCpltCallback                         build/stm32h7xx_hal_i2c.o
HAL_I2C_AddrCallback                              build/stm32h7xx_hal_i2c.o
HAL_I2C_DeInit                                    build/stm32h7xx_hal_i2c.o
HAL_I2C_DisableListen_IT                          build/stm32h7xx_hal_i2c.o
HAL_I2C_ER_IRQHandler                             build/stm32h7xx_hal_i2c.o
HAL_I2C_EV_IRQHandler                             build/stm32h7xx_hal_i2c.o
HAL_I2C_EnableListen_IT                           build/stm32h7xx_hal_i2c.o
HAL_I2C_ErrorCallback                             build/stm32h7xx_hal_i2c.o
HAL_I2C_GetError                                  build/stm32h7xx_hal_i2c.o
HAL_I2C_GetMode                                   build/stm32h7xx_hal_i2c.o
HAL_I2C_GetState                                  build/stm32h7xx_hal_i2c.o
HAL_I2C_Init                                      build/stm32h7xx_hal_i2c.o
HAL_I2C_IsDeviceReady                             build/stm32h7xx_hal_i2c.o
HAL_I2C_ListenCpltCallback                        build/stm32h7xx_hal_i2c.o
HAL_I2C_MasterRxCpltCallback                      build/stm32h7xx_hal_i2c.o
HAL_I2C_MasterTxCpltCallback                      build/stm32h7xx_hal_i2c.o
HAL_I2C_Master_Abort_IT                           build/stm32h7xx_hal_i2c.o
HAL_I2C_Master_Receive                            build/stm32h7xx_hal_i2c.o
HAL_I2C_Master_Receive_DMA                        build/stm32h7xx_hal_i2c.o
HAL_I2C_Master_Receive_IT                         build/stm32h7xx_hal_i2c.o
HAL_I2C_Master_Seq_Receive_DMA                    build/stm32h7xx_hal_i2c.o
HAL_I2C_Master_Seq_Receive_IT                     build/stm32h7xx_hal_i2c.o
HAL_I2C_Master_Seq_Transmit_DMA                   build/stm32h7xx_hal_i2c.o
HAL_I2C_Master_Seq_Transmit_IT                    build/stm32h7xx_hal_i2c.o
HAL_I2C_Master_Transmit                           build/stm32h7xx_hal_i2c.o
HAL_I2C_Master_Transmit_DMA                       build/stm32h7xx_hal_i2c.o
HAL_I2C_Master_Transmit_IT                        build/stm32h7xx_hal_i2c.o
HAL_I2C_MemRxCpltCallback                         build/stm32h7xx_hal_i2c.o
HAL_I2C_MemTxCpltCallback                         build/stm32h7xx_hal_i2c.o
HAL_I2C_Mem_Read                                  build/stm32h7xx_hal_i2c.o
HAL_I2C_Mem_Read_DMA                              build/stm32h7xx_hal_i2c.o
HAL_I2C_Mem_Read_IT                               build/stm32h7xx_hal_i2c.o
HAL_I2C_Mem_Write                                 build/stm32h7xx_hal_i2c.o
HAL_I2C_Mem_Write_DMA                             build/stm32h7xx_hal_i2c.o
HAL_I2C_Mem_Write_IT                              build/stm32h7xx_hal_i2c.o
HAL_I2C_MspDeInit                                 build/stm32h7xx_hal_i2c.o
HAL_I2C_MspInit                                   build/stm32h7xx_hal_i2c.o
HAL_I2C_SlaveRxCpltCallback                       build/stm32h7xx_hal_i2c.o
HAL_I2C_SlaveTxCpltCallback                       build/stm32h7xx_hal_i2c.o
HAL_I2C_Slave_Receive                             build/stm32h7xx_hal_i2c.o
HAL_I2C_Slave_Receive_DMA                         build/stm32h7xx_hal_i2c.o
HAL_I2C_Slave_Receive_IT                          build/stm32h7xx_hal_i2c.o
HAL_I2C_Slave_Seq_Receive_DMA                     build/stm32h7xx_hal_i2c.o
HAL_I2C_Slave_Seq_Receive_IT                      build/stm32h7xx_hal_i2c.o
HAL_I2C_Slave_Seq_Transmit_DMA                    build/stm32h7xx_hal_i2c.o
HAL_I2C_Slave_Seq_Transmit_IT                     build/stm32h7xx_hal_i2c.o
HAL_I2C_Slave_Transmit                            build/stm32h7xx_hal_i2c.o
HAL_I2C_Slave_Transmit_DMA                        build/stm32h7xx_hal_i2c.o
HAL_I2C_Slave_Transmit_IT                         build/stm32h7xx_hal_i2c.o
HAL_IncTick                                       build/stm32h7xx_hal.o
                                                  build/stm32h7xx_it.o
HAL_Init                                          build/stm32h7xx_hal.o
                                                  build/main.o
HAL_InitTick                                      build/stm32h7xx_hal.o
                                                  build/stm32h7xx_hal_rcc.o
HAL_LIN_Init                                      build/stm32h7xx_hal_uart.o
HAL_LIN_SendBreak                                 build/stm32h7xx_hal_uart.o
HAL_MDMA_Abort                                    build/stm32h7xx_hal_mdma.o
HAL_MDMA_Abort_IT                                 build/stm32h7xx_hal_mdma.o
HAL_MDMA_ConfigPostRequestMask                    build/stm32h7xx_hal_mdma.o
HAL_MDMA_DeInit                                   build/stm32h7xx_hal_mdma.o
HAL_MDMA_GenerateSWRequest                        build/stm32h7xx_hal_mdma.o
HAL_MDMA_GetError                                 build/stm32h7xx_hal_mdma.o
HAL_MDMA_GetState                                 build/stm32h7xx_hal_mdma.o
HAL_MDMA_IRQHandler                               build/stm32h7xx_hal_mdma.o
HAL_MDMA_Init                                     build/stm32h7xx_hal_mdma.o
HAL_MDMA_LinkedList_AddNode                       build/stm32h7xx_hal_mdma.o
HAL_MDMA_LinkedList_CreateNode                    build/stm32h7xx_hal_mdma.o
HAL_MDMA_LinkedList_DisableCircularMode           build/stm32h7xx_hal_mdma.o
HAL_MDMA_LinkedList_EnableCircularMode            build/stm32h7xx_hal_mdma.o
HAL_MDMA_LinkedList_RemoveNode                    build/stm32h7xx_hal_mdma.o
HAL_MDMA_PollForTransfer                          build/stm32h7xx_hal_mdma.o
HAL_MDMA_RegisterCallback                         build/stm32h7xx_hal_mdma.o
HAL_MDMA_Start                                    build/stm32h7xx_hal_mdma.o
HAL_MDMA_Start_IT                                 build/stm32h7xx_hal_mdma.o
HAL_MDMA_UnRegisterCallback                       build/stm32h7xx_hal_mdma.o
HAL_MPU_ConfigRegion                              build/stm32h7xx_hal_cortex.o
HAL_MPU_Disable                                   build/stm32h7xx_hal_cortex.o
HAL_MPU_Enable                                    build/stm32h7xx_hal_cortex.o
HAL_MspDeInit                                     build/stm32h7xx_hal.o
HAL_MspInit                                       build/stm32h7xx_hal_msp.o
HAL_MultiProcessorEx_AddressLength_Set            build/stm32h7xx_hal_uart_ex.o
HAL_MultiProcessor_DisableMuteMode                build/stm32h7xx_hal_uart.o
HAL_MultiProcessor_EnableMuteMode                 build/stm32h7xx_hal_uart.o
HAL_MultiProcessor_EnterMuteMode                  build/stm32h7xx_hal_uart.o
HAL_MultiProcessor_Init                           build/stm32h7xx_hal_uart.o
HAL_NVIC_ClearPendingIRQ                          build/stm32h7xx_hal_cortex.o
HAL_NVIC_DisableIRQ                               build/stm32h7xx_hal_cortex.o
HAL_NVIC_EnableIRQ                                build/stm32h7xx_hal_cortex.o
HAL_NVIC_GetActive                                build/stm32h7xx_hal_cortex.o
HAL_NVIC_GetPendingIRQ                            build/stm32h7xx_hal_cortex.o
HAL_NVIC_GetPriority                              build/stm32h7xx_hal_cortex.o
HAL_NVIC_GetPriorityGrouping                      build/stm32h7xx_hal_cortex.o
HAL_NVIC_SetPendingIRQ                            build/stm32h7xx_hal_cortex.o
HAL_NVIC_SetPriority                              build/stm32h7xx_hal_cortex.o
                                                  build/stm32h7xx_hal.o
HAL_NVIC_SetPriorityGrouping                      build/stm32h7xx_hal_cortex.o
                                                  build/stm32h7xx_hal.o
HAL_NVIC_SystemReset                              build/stm32h7xx_hal_cortex.o
HAL_PWREx_AVDCallback                             build/stm32h7xx_hal_pwr_ex.o
HAL_PWREx_ClearPendingEvent                       build/stm32h7xx_hal_pwr_ex.o
HAL_PWREx_ClearWakeupFlag                         build/stm32h7xx_hal_pwr_ex.o
HAL_PWREx_ConfigAVD                               build/stm32h7xx_hal_pwr_ex.o
HAL_PWREx_ConfigD3Domain                          build/stm32h7xx_hal_pwr_ex.o
HAL_PWREx_ConfigSupply                            build/stm32h7xx_hal_pwr_ex.o
                                                  build/init.o
HAL_PWREx_ControlStopModeVoltageScaling           build/stm32h7xx_hal_pwr_ex.o
HAL_PWREx_ControlVoltageScaling                   build/stm32h7xx_hal_pwr_ex.o
HAL_PWREx_DisableAVD                              build/stm32h7xx_hal_pwr_ex.o
HAL_PWREx_DisableBatteryCharging                  build/stm32h7xx_hal_pwr_ex.o
HAL_PWREx_DisableBkUpReg                          build/stm32h7xx_hal_pwr_ex.o
HAL_PWREx_DisableFlashPowerDown                   build/stm32h7xx_hal_pwr_ex.o
HAL_PWREx_DisableMonitoring                       build/stm32h7xx_hal_pwr_ex.o
HAL_PWREx_DisableUSBReg                           build/stm32h7xx_hal_pwr_ex.o
HAL_PWREx_DisableUSBVoltageDetector               build/stm32h7xx_hal_pwr_ex.o
HAL_PWREx_DisableWakeUpPin                        build/stm32h7xx_hal_pwr_ex.o
HAL_PWREx_EnableAVD                               build/stm32h7xx_hal_pwr_ex.o
HAL_PWREx_EnableBatteryCharging                   build/stm32h7xx_hal_pwr_ex.o
HAL_PWREx_EnableBkUpReg                           build/stm32h7xx_hal_pwr_ex.o
HAL_PWREx_EnableFlashPowerDown                    build/stm32h7xx_hal_pwr_ex.o
HAL_PWREx_EnableMonitoring                        build/stm32h7xx_hal_pwr_ex.o
HAL_PWREx_EnableUSBReg                            build/stm32h7xx_hal_pwr_ex.o
HAL_PWREx_EnableUSBVoltageDetector                build/stm32h7xx_hal_pwr_ex.o
HAL_PWREx_EnableWakeUpPin                         build/stm32h7xx_hal_pwr_ex.o
HAL_PWREx_EnterSTANDBYMode                        build/stm32h7xx_hal_pwr_ex.o
HAL_PWREx_EnterSTOPMode                           build/stm32h7xx_hal_pwr_ex.o
HAL_PWREx_GetStopModeVoltageRange                 build/stm32h7xx_hal_pwr_ex.o
HAL_PWREx_GetSupplyConfig                         build/stm32h7xx_hal_pwr_ex.o
HAL_PWREx_GetTemperatureLevel                     build/stm32h7xx_hal_pwr_ex.o
HAL_PWREx_GetVBATLevel                            build/stm32h7xx_hal_pwr_ex.o
HAL_PWREx_GetVoltageRange                         build/stm32h7xx_hal_pwr_ex.o
HAL_PWREx_GetWakeupFlag                           build/stm32h7xx_hal_pwr_ex.o
HAL_PWREx_PVD_AVD_IRQHandler                      build/stm32h7xx_hal_pwr_ex.o
HAL_PWREx_WAKEUP_PIN_IRQHandler                   build/stm32h7xx_hal_pwr_ex.o
HAL_PWREx_WKUP1_Callback                          build/stm32h7xx_hal_pwr_ex.o
HAL_PWREx_WKUP2_Callback                          build/stm32h7xx_hal_pwr_ex.o
HAL_PWREx_WKUP3_Callback                          build/stm32h7xx_hal_pwr_ex.o
HAL_PWREx_WKUP4_Callback                          build/stm32h7xx_hal_pwr_ex.o
HAL_PWREx_WKUP5_Callback                          build/stm32h7xx_hal_pwr_ex.o
HAL_PWREx_WKUP6_Callback                          build/stm32h7xx_hal_pwr_ex.o
HAL_PWR_ConfigPVD                                 build/stm32h7xx_hal_pwr.o
HAL_PWR_DeInit                                    build/stm32h7xx_hal_pwr.o
HAL_PWR_DisableBkUpAccess                         build/stm32h7xx_hal_pwr.o
HAL_PWR_DisablePVD                                build/stm32h7xx_hal_pwr.o
HAL_PWR_DisableSEVOnPend                          build/stm32h7xx_hal_pwr.o
HAL_PWR_DisableSleepOnExit                        build/stm32h7xx_hal_pwr.o
HAL_PWR_DisableWakeUpPin                          build/stm32h7xx_hal_pwr.o
HAL_PWR_EnableBkUpAccess                          build/stm32h7xx_hal_pwr.o
HAL_PWR_EnablePVD                                 build/stm32h7xx_hal_pwr.o
HAL_PWR_EnableSEVOnPend                           build/stm32h7xx_hal_pwr.o
HAL_PWR_EnableSleepOnExit                         build/stm32h7xx_hal_pwr.o
HAL_PWR_EnableWakeUpPin                           build/stm32h7xx_hal_pwr.o
HAL_PWR_EnterSLEEPMode                            build/stm32h7xx_hal_pwr.o
HAL_PWR_EnterSTANDBYMode                          build/stm32h7xx_hal_pwr.o
HAL_PWR_EnterSTOPMode                             build/stm32h7xx_hal_pwr.o
HAL_PWR_PVDCallback                               build/stm32h7xx_hal_pwr.o
                                                  build/stm32h7xx_hal_pwr_ex.o
HAL_PWR_PVD_IRQHandler                            build/stm32h7xx_hal_pwr.o
HAL_RCCEx_CRSConfig                               build/stm32h7xx_hal_rcc_ex.o
HAL_RCCEx_CRSGetSynchronizationInfo               build/stm32h7xx_hal_rcc_ex.o
HAL_RCCEx_CRSSoftwareSynchronizationGenerate      build/stm32h7xx_hal_rcc_ex.o
HAL_RCCEx_CRSWaitSynchronization                  build/stm32h7xx_hal_rcc_ex.o
HAL_RCCEx_CRS_ErrorCallback                       build/stm32h7xx_hal_rcc_ex.o
HAL_RCCEx_CRS_ExpectedSyncCallback                build/stm32h7xx_hal_rcc_ex.o
HAL_RCCEx_CRS_IRQHandler                          build/stm32h7xx_hal_rcc_ex.o
HAL_RCCEx_CRS_SyncOkCallback                      build/stm32h7xx_hal_rcc_ex.o
HAL_RCCEx_CRS_SyncWarnCallback                    build/stm32h7xx_hal_rcc_ex.o
HAL_RCCEx_DisableLSECSS                           build/stm32h7xx_hal_rcc_ex.o
HAL_RCCEx_EnableLSECSS                            build/stm32h7xx_hal_rcc_ex.o
HAL_RCCEx_EnableLSECSS_IT                         build/stm32h7xx_hal_rcc_ex.o
HAL_RCCEx_GetD1PCLK1Freq                          build/stm32h7xx_hal_rcc_ex.o
HAL_RCCEx_GetD1SysClockFreq                       build/stm32h7xx_hal_rcc_ex.o
HAL_RCCEx_GetD3PCLK1Freq                          build/stm32h7xx_hal_rcc_ex.o
                                                  build/stm32h7xx_hal_uart.o
HAL_RCCEx_GetPLL1ClockFreq                        build/stm32h7xx_hal_rcc_ex.o
HAL_RCCEx_GetPLL2ClockFreq                        build/stm32h7xx_hal_rcc_ex.o
                                                  build/stm32h7xx_hal_uart.o
HAL_RCCEx_GetPLL3ClockFreq                        build/stm32h7xx_hal_rcc_ex.o
                                                  build/stm32h7xx_hal_uart.o
HAL_RCCEx_GetPeriphCLKConfig                      build/stm32h7xx_hal_rcc_ex.o
HAL_RCCEx_GetPeriphCLKFreq                        build/stm32h7xx_hal_rcc_ex.o
HAL_RCCEx_KerWakeUpStopCLKConfig                  build/stm32h7xx_hal_rcc_ex.o
HAL_RCCEx_LSECSS_Callback                         build/stm32h7xx_hal_rcc_ex.o
HAL_RCCEx_LSECSS_IRQHandler                       build/stm32h7xx_hal_rcc_ex.o
HAL_RCCEx_PeriphCLKConfig                         build/stm32h7xx_hal_rcc_ex.o
HAL_RCCEx_WWDGxSysResetConfig                     build/stm32h7xx_hal_rcc_ex.o
HAL_RCCEx_WakeUpStopCLKConfig                     build/stm32h7xx_hal_rcc_ex.o
HAL_RCC_CSSCallback                               build/stm32h7xx_hal_rcc.o
HAL_RCC_ClockConfig                               build/stm32h7xx_hal_rcc.o
                                                  build/init.o
HAL_RCC_DeInit                                    build/stm32h7xx_hal_rcc.o
HAL_RCC_DisableCSS                                build/stm32h7xx_hal_rcc.o
HAL_RCC_EnableCSS                                 build/stm32h7xx_hal_rcc.o
HAL_RCC_GetClockConfig                            build/stm32h7xx_hal_rcc.o
HAL_RCC_GetHCLKFreq                               build/stm32h7xx_hal_rcc.o
                                                  build/stm32h7xx_hal_rcc_ex.o
HAL_RCC_GetOscConfig                              build/stm32h7xx_hal_rcc.o
HAL_RCC_GetPCLK1Freq                              build/stm32h7xx_hal_rcc.o
                                                  build/stm32h7xx_hal_uart.o
HAL_RCC_GetPCLK2Freq                              build/stm32h7xx_hal_rcc.o
                                                  build/stm32h7xx_hal_uart.o
HAL_RCC_GetSysClockFreq                           build/stm32h7xx_hal_rcc.o
                                                  build/stm32h7xx_hal.o
                                                  build/stm32h7xx_hal_rcc_ex.o
HAL_RCC_MCOConfig                                 build/stm32h7xx_hal_rcc.o
HAL_RCC_NMI_IRQHandler                            build/stm32h7xx_hal_rcc.o
HAL_RCC_OscConfig                                 build/stm32h7xx_hal_rcc.o
                                                  build/init.o
HAL_RS485Ex_Init                                  build/stm32h7xx_hal_uart_ex.o
HAL_ResumeTick                                    build/stm32h7xx_hal.o
HAL_SYSCFG_AnalogSwitchConfig                     build/stm32h7xx_hal.o
HAL_SYSCFG_CM7BootAddConfig                       build/stm32h7xx_hal.o
HAL_SYSCFG_CompensationCodeConfig                 build/stm32h7xx_hal.o
HAL_SYSCFG_CompensationCodeSelect                 build/stm32h7xx_hal.o
HAL_SYSCFG_DisableBOOST                           build/stm32h7xx_hal.o
HAL_SYSCFG_DisableIOSpeedOptimize                 build/stm32h7xx_hal.o
HAL_SYSCFG_DisableVREFBUF                         build/stm32h7xx_hal.o
HAL_SYSCFG_ETHInterfaceSelect                     build/stm32h7xx_hal.o
HAL_SYSCFG_EnableBOOST                            build/stm32h7xx_hal.o
HAL_SYSCFG_EnableIOSpeedOptimize                  build/stm32h7xx_hal.o
HAL_SYSCFG_EnableVREFBUF                          build/stm32h7xx_hal.o
HAL_SYSCFG_VREFBUF_HighImpedanceConfig            build/stm32h7xx_hal.o
HAL_SYSCFG_VREFBUF_TrimmingConfig                 build/stm32h7xx_hal.o
HAL_SYSCFG_VREFBUF_VoltageScalingConfig           build/stm32h7xx_hal.o
HAL_SYSTICK_CLKSourceConfig                       build/stm32h7xx_hal_cortex.o
HAL_SYSTICK_Callback                              build/stm32h7xx_hal_cortex.o
HAL_SYSTICK_Config                                build/stm32h7xx_hal_cortex.o
                                                  build/stm32h7xx_hal.o
HAL_SYSTICK_IRQHandler                            build/stm32h7xx_hal_cortex.o
HAL_SetFMCMemorySwappingConfig                    build/stm32h7xx_hal.o
HAL_SetTickFreq                                   build/stm32h7xx_hal.o
HAL_SuspendTick                                   build/stm32h7xx_hal.o
HAL_UARTEx_DisableFifoMode                        build/stm32h7xx_hal_uart_ex.o
                                                  build/init.o
HAL_UARTEx_DisableStopMode                        build/stm32h7xx_hal_uart_ex.o
HAL_UARTEx_EnableFifoMode                         build/stm32h7xx_hal_uart_ex.o
HAL_UARTEx_EnableStopMode                         build/stm32h7xx_hal_uart_ex.o
HAL_UARTEx_ReceiveToIdle                          build/stm32h7xx_hal_uart_ex.o
HAL_UARTEx_ReceiveToIdle_DMA                      build/stm32h7xx_hal_uart_ex.o
HAL_UARTEx_ReceiveToIdle_IT                       build/stm32h7xx_hal_uart_ex.o
HAL_UARTEx_RxEventCallback                        build/stm32h7xx_hal_uart.o
HAL_UARTEx_RxFifoFullCallback                     build/stm32h7xx_hal_uart_ex.o
                                                  build/stm32h7xx_hal_uart.o
HAL_UARTEx_SetRxFifoThreshold                     build/stm32h7xx_hal_uart_ex.o
                                                  build/init.o
HAL_UARTEx_SetTxFifoThreshold                     build/stm32h7xx_hal_uart_ex.o
                                                  build/init.o
HAL_UARTEx_StopModeWakeUpSourceConfig             build/stm32h7xx_hal_uart_ex.o
HAL_UARTEx_TxFifoEmptyCallback                    build/stm32h7xx_hal_uart_ex.o
                                                  build/stm32h7xx_hal_uart.o
HAL_UARTEx_WakeupCallback                         build/stm32h7xx_hal_uart_ex.o
                                                  build/stm32h7xx_hal_uart.o
HAL_UART_Abort                                    build/stm32h7xx_hal_uart.o
HAL_UART_AbortCpltCallback                        build/stm32h7xx_hal_uart.o
HAL_UART_AbortReceive                             build/stm32h7xx_hal_uart.o
HAL_UART_AbortReceiveCpltCallback                 build/stm32h7xx_hal_uart.o
HAL_UART_AbortReceive_IT                          build/stm32h7xx_hal_uart.o
HAL_UART_AbortTransmit                            build/stm32h7xx_hal_uart.o
HAL_UART_AbortTransmitCpltCallback                build/stm32h7xx_hal_uart.o
HAL_UART_AbortTransmit_IT                         build/stm32h7xx_hal_uart.o
HAL_UART_Abort_IT                                 build/stm32h7xx_hal_uart.o
HAL_UART_DMAPause                                 build/stm32h7xx_hal_uart.o
HAL_UART_DMAResume                                build/stm32h7xx_hal_uart.o
HAL_UART_DMAStop                                  build/stm32h7xx_hal_uart.o
HAL_UART_DeInit                                   build/stm32h7xx_hal_uart.o
HAL_UART_DisableReceiverTimeout                   build/stm32h7xx_hal_uart.o
HAL_UART_EnableReceiverTimeout                    build/stm32h7xx_hal_uart.o
HAL_UART_ErrorCallback                            build/stm32h7xx_hal_uart.o
HAL_UART_GetError                                 build/stm32h7xx_hal_uart.o
HAL_UART_GetState                                 build/stm32h7xx_hal_uart.o
HAL_UART_IRQHandler                               build/stm32h7xx_hal_uart.o
HAL_UART_Init                                     build/stm32h7xx_hal_uart.o
                                                  build/init.o
HAL_UART_MspDeInit                                build/stm32h7xx_hal_uart.o
HAL_UART_MspInit                                  build/stm32h7xx_hal_uart.o
                                                  build/stm32h7xx_hal_uart_ex.o
HAL_UART_Receive                                  build/stm32h7xx_hal_uart.o
                                                  build/wireless.o
                                                  build/usb.o
HAL_UART_Receive_DMA                              build/stm32h7xx_hal_uart.o
HAL_UART_Receive_IT                               build/stm32h7xx_hal_uart.o
HAL_UART_ReceiverTimeout_Config                   build/stm32h7xx_hal_uart.o
HAL_UART_RxCpltCallback                           build/stm32h7xx_hal_uart.o
HAL_UART_RxHalfCpltCallback                       build/stm32h7xx_hal_uart.o
HAL_UART_Transmit                                 build/stm32h7xx_hal_uart.o
                                                  build/wireless.o
                                                  build/usb.o
HAL_UART_Transmit_DMA                             build/stm32h7xx_hal_uart.o
HAL_UART_Transmit_IT                              build/stm32h7xx_hal_uart.o
HAL_UART_TxCpltCallback                           build/stm32h7xx_hal_uart.o
HAL_UART_TxHalfCpltCallback                       build/stm32h7xx_hal_uart.o
HASH_RNG_IRQHandler                               build/startup_stm32h750xx.o
HRTIM1_FLT_IRQHandler                             build/startup_stm32h750xx.o
HRTIM1_Master_IRQHandler                          build/startup_stm32h750xx.o
HRTIM1_TIMA_IRQHandler                            build/startup_stm32h750xx.o
HRTIM1_TIMB_IRQHandler                            build/startup_stm32h750xx.o
HRTIM1_TIMC_IRQHandler                            build/startup_stm32h750xx.o
HRTIM1_TIMD_IRQHandler                            build/startup_stm32h750xx.o
HRTIM1_TIME_IRQHandler                            build/startup_stm32h750xx.o
HSEM1_IRQHandler                                  build/startup_stm32h750xx.o
HardFault_Handler                                 build/stm32h7xx_it.o
I2C1_ER_IRQHandler                                build/startup_stm32h750xx.o
I2C1_EV_IRQHandler                                build/startup_stm32h750xx.o
I2C2_ER_IRQHandler                                build/startup_stm32h750xx.o
I2C2_EV_IRQHandler                                build/startup_stm32h750xx.o
I2C3_ER_IRQHandler                                build/startup_stm32h750xx.o
I2C3_EV_IRQHandler                                build/startup_stm32h750xx.o
I2C4_ER_IRQHandler                                build/startup_stm32h750xx.o
I2C4_EV_IRQHandler                                build/startup_stm32h750xx.o
JPEG_IRQHandler                                   build/startup_stm32h750xx.o
LPTIM1_IRQHandler                                 build/startup_stm32h750xx.o
LPTIM2_IRQHandler                                 build/startup_stm32h750xx.o
LPTIM3_IRQHandler                                 build/startup_stm32h750xx.o
LPTIM4_IRQHandler                                 build/startup_stm32h750xx.o
LPTIM5_IRQHandler                                 build/startup_stm32h750xx.o
LPUART1_IRQHandler                                build/startup_stm32h750xx.o
LTDC_ER_IRQHandler                                build/startup_stm32h750xx.o
LTDC_IRQHandler                                   build/startup_stm32h750xx.o
MDIOS_IRQHandler                                  build/startup_stm32h750xx.o
MDIOS_WKUP_IRQHandler                             build/startup_stm32h750xx.o
MDMA_IRQHandler                                   build/startup_stm32h750xx.o
MemManage_Handler                                 build/stm32h7xx_it.o
NMI_Handler                                       build/stm32h7xx_it.o
OTG_FS_EP1_IN_IRQHandler                          build/startup_stm32h750xx.o
OTG_FS_EP1_OUT_IRQHandler                         build/startup_stm32h750xx.o
OTG_FS_IRQHandler                                 build/startup_stm32h750xx.o
OTG_FS_WKUP_IRQHandler                            build/startup_stm32h750xx.o
OTG_HS_EP1_IN_IRQHandler                          build/startup_stm32h750xx.o
OTG_HS_EP1_OUT_IRQHandler                         build/startup_stm32h750xx.o
OTG_HS_IRQHandler                                 build/startup_stm32h750xx.o
OTG_HS_WKUP_IRQHandler                            build/startup_stm32h750xx.o
PVD_AVD_IRQHandler                                build/startup_stm32h750xx.o
PendSV_Handler                                    build/stm32h7xx_it.o
QUADSPI_IRQHandler                                build/startup_stm32h750xx.o
RCC_IRQHandler                                    build/startup_stm32h750xx.o
RTC_Alarm_IRQHandler                              build/startup_stm32h750xx.o
RTC_WKUP_IRQHandler                               build/startup_stm32h750xx.o
Reset_Handler                                     build/startup_stm32h750xx.o
SAI1_IRQHandler                                   build/startup_stm32h750xx.o
SAI2_IRQHandler                                   build/startup_stm32h750xx.o
SAI3_IRQHandler                                   build/startup_stm32h750xx.o
SAI4_IRQHandler                                   build/startup_stm32h750xx.o
SDMMC1_IRQHandler                                 build/startup_stm32h750xx.o
SDMMC2_IRQHandler                                 build/startup_stm32h750xx.o
SPDIF_RX_IRQHandler                               build/startup_stm32h750xx.o
SPI1_IRQHandler                                   build/startup_stm32h750xx.o
SPI2_IRQHandler                                   build/startup_stm32h750xx.o
SPI3_IRQHandler                                   build/startup_stm32h750xx.o
SPI4_IRQHandler                                   build/startup_stm32h750xx.o